Component: ARM Compiler 5.06 update 1 (build 61) Tool: armlink [4d35a8]

==============================================================================

Section Cross References

    font12.o(.data) refers to font12.o(.constdata) for Font12_Table
    font16.o(.data) refers to font16.o(.constdata) for Font16_Table
    font20.o(.data) refers to font20.o(.constdata) for Font20_Table
    font24.o(.data) refers to font24.o(.constdata) for Font24_Table
    font8.o(.data) refers to font8.o(.constdata) for Font8_Table
    ft5336.o(i.ft5336_Get_I2C_InitializedStatus) refers to ft5336.o(.data) for ft5336_handle
    ft5336.o(i.ft5336_I2C_InitializeIfRequired) refers to ft5336.o(i.ft5336_Get_I2C_InitializedStatus) for ft5336_Get_I2C_InitializedStatus
    ft5336.o(i.ft5336_I2C_InitializeIfRequired) refers to stm32746g_discovery.o(i.TS_IO_Init) for TS_IO_Init
    ft5336.o(i.ft5336_I2C_InitializeIfRequired) refers to ft5336.o(.data) for ft5336_handle
    ft5336.o(i.ft5336_Init) refers to stm32746g_discovery.o(i.TS_IO_Delay) for TS_IO_Delay
    ft5336.o(i.ft5336_Init) refers to ft5336.o(i.ft5336_I2C_InitializeIfRequired) for ft5336_I2C_InitializeIfRequired
    ft5336.o(i.ft5336_ReadID) refers to ft5336.o(i.ft5336_I2C_InitializeIfRequired) for ft5336_I2C_InitializeIfRequired
    ft5336.o(i.ft5336_ReadID) refers to stm32746g_discovery.o(i.TS_IO_Read) for TS_IO_Read
    ft5336.o(i.ft5336_TS_DetectTouch) refers to stm32746g_discovery.o(i.TS_IO_Read) for TS_IO_Read
    ft5336.o(i.ft5336_TS_DetectTouch) refers to ft5336.o(.data) for ft5336_handle
    ft5336.o(i.ft5336_TS_DisableIT) refers to stm32746g_discovery.o(i.TS_IO_Write) for TS_IO_Write
    ft5336.o(i.ft5336_TS_EnableIT) refers to stm32746g_discovery.o(i.TS_IO_Write) for TS_IO_Write
    ft5336.o(i.ft5336_TS_GetGestureID) refers to stm32746g_discovery.o(i.TS_IO_Read) for TS_IO_Read
    ft5336.o(i.ft5336_TS_GetTouchInfo) refers to stm32746g_discovery.o(i.TS_IO_Read) for TS_IO_Read
    ft5336.o(i.ft5336_TS_GetTouchInfo) refers to ft5336.o(.data) for ft5336_handle
    ft5336.o(i.ft5336_TS_GetXY) refers to stm32746g_discovery.o(i.TS_IO_Read) for TS_IO_Read
    ft5336.o(i.ft5336_TS_GetXY) refers to ft5336.o(.data) for ft5336_handle
    ft5336.o(i.ft5336_TS_Start) refers to ft5336.o(i.ft5336_TS_Configure) for ft5336_TS_Configure
    ft5336.o(i.ft5336_TS_Start) refers to ft5336.o(i.ft5336_TS_DisableIT) for ft5336_TS_DisableIT
    ft5336.o(.data) refers to ft5336.o(i.ft5336_Init) for ft5336_Init
    ft5336.o(.data) refers to ft5336.o(i.ft5336_ReadID) for ft5336_ReadID
    ft5336.o(.data) refers to ft5336.o(i.ft5336_Reset) for ft5336_Reset
    ft5336.o(.data) refers to ft5336.o(i.ft5336_TS_Start) for ft5336_TS_Start
    ft5336.o(.data) refers to ft5336.o(i.ft5336_TS_DetectTouch) for ft5336_TS_DetectTouch
    ft5336.o(.data) refers to ft5336.o(i.ft5336_TS_GetXY) for ft5336_TS_GetXY
    ft5336.o(.data) refers to ft5336.o(i.ft5336_TS_EnableIT) for ft5336_TS_EnableIT
    ft5336.o(.data) refers to ft5336.o(i.ft5336_TS_ClearIT) for ft5336_TS_ClearIT
    ft5336.o(.data) refers to ft5336.o(i.ft5336_TS_ITStatus) for ft5336_TS_ITStatus
    ft5336.o(.data) refers to ft5336.o(i.ft5336_TS_DisableIT) for ft5336_TS_DisableIT
    ov9655.o(i.ov9655_Config) refers to ov9655.o(i.ov9655_ConvertValue) for ov9655_ConvertValue
    ov9655.o(i.ov9655_Config) refers to stm32746g_discovery.o(i.CAMERA_IO_Write) for CAMERA_IO_Write
    ov9655.o(i.ov9655_Init) refers to stm32746g_discovery.o(i.CAMERA_IO_Init) for CAMERA_IO_Init
    ov9655.o(i.ov9655_Init) refers to stm32746g_discovery.o(i.CAMERA_IO_Write) for CAMERA_IO_Write
    ov9655.o(i.ov9655_Init) refers to stm32746g_discovery.o(i.CAMERA_Delay) for CAMERA_Delay
    ov9655.o(i.ov9655_Init) refers to ov9655.o(.constdata) for OV9655_QQVGA
    ov9655.o(i.ov9655_ReadID) refers to stm32746g_discovery.o(i.CAMERA_IO_Init) for CAMERA_IO_Init
    ov9655.o(i.ov9655_ReadID) refers to stm32746g_discovery.o(i.CAMERA_IO_Read) for CAMERA_IO_Read
    ov9655.o(.data) refers to ov9655.o(i.ov9655_Init) for ov9655_Init
    ov9655.o(.data) refers to ov9655.o(i.ov9655_ReadID) for ov9655_ReadID
    ov9655.o(.data) refers to ov9655.o(i.ov9655_Config) for ov9655_Config
    stm32746g_discovery.o(i.AUDIO_IO_Delay) refers to mbed_wait_api_no_rtos.o(i.wait_ms) for wait_ms
    stm32746g_discovery.o(i.AUDIO_IO_Init) refers to stm32746g_discovery.o(i.I2Cx_Init) for I2Cx_Init
    stm32746g_discovery.o(i.AUDIO_IO_Init) refers to stm32746g_discovery.o(.bss) for hI2cAudioHandler
    stm32746g_discovery.o(i.AUDIO_IO_Read) refers to stm32746g_discovery.o(i.I2Cx_ReadMultiple) for I2Cx_ReadMultiple
    stm32746g_discovery.o(i.AUDIO_IO_Read) refers to stm32746g_discovery.o(.bss) for hI2cAudioHandler
    stm32746g_discovery.o(i.AUDIO_IO_Write) refers to stm32746g_discovery.o(i.I2Cx_WriteMultiple) for I2Cx_WriteMultiple
    stm32746g_discovery.o(i.AUDIO_IO_Write) refers to stm32746g_discovery.o(.bss) for hI2cAudioHandler
[...]
    BSP_LCD_DisplayOn                        0x08002e31   Thumb Code    40  stm32746g_discovery_lcd.o(i.BSP_LCD_DisplayOn)
    BSP_LCD_DisplayStringAt                  0x08002e65   Thumb Code   286  stm32746g_discovery_lcd.o(i.BSP_LCD_DisplayStringAt)
    BSP_LCD_DrawLine                         0x08002f8d   Thumb Code   306  stm32746g_discovery_lcd.o(i.BSP_LCD_DrawLine)
    BSP_LCD_DrawPixel                        0x080030c9   Thumb Code    98  stm32746g_discovery_lcd.o(i.BSP_LCD_DrawPixel)
    BSP_LCD_GetFont                          0x08003135   Thumb Code    18  stm32746g_discovery_lcd.o(i.BSP_LCD_GetFont)
    BSP_LCD_GetXSize                         0x08003151   Thumb Code    22  stm32746g_discovery_lcd.o(i.BSP_LCD_GetXSize)
    BSP_LCD_GetYSize                         0x08003171   Thumb Code    22  stm32746g_discovery_lcd.o(i.BSP_LCD_GetYSize)
    BSP_LCD_Init                             0x08003191   Thumb Code   156  stm32746g_discovery_lcd.o(i.BSP_LCD_Init)
    BSP_LCD_LayerDefaultInit                 0x08003241   Thumb Code   132  stm32746g_discovery_lcd.o(i.BSP_LCD_LayerDefaultInit)
    BSP_LCD_MspDeInit                        0x080032d1   Thumb Code   102  stm32746g_discovery_lcd.o(i.BSP_LCD_MspDeInit)
    BSP_LCD_MspInit                          0x08003351   Thumb Code   402  stm32746g_discovery_lcd.o(i.BSP_LCD_MspInit)
    BSP_LCD_SelectLayer                      0x080034fd   Thumb Code     6  stm32746g_discovery_lcd.o(i.BSP_LCD_SelectLayer)
    BSP_LCD_SetBackColor                     0x08003509   Thumb Code    18  stm32746g_discovery_lcd.o(i.BSP_LCD_SetBackColor)
    BSP_LCD_SetFont                          0x08003525   Thumb Code    18  stm32746g_discovery_lcd.o(i.BSP_LCD_SetFont)
    BSP_LCD_SetTextColor                     0x08003541   Thumb Code    16  stm32746g_discovery_lcd.o(i.BSP_LCD_SetTextColor)
    BSP_SDRAM_Init                           0x08003559   Thumb Code   122  stm32746g_discovery_sdram.o(i.BSP_SDRAM_Init)
    BSP_SDRAM_Initialization_sequence        0x080035e5   Thumb Code   142  stm32746g_discovery_sdram.o(i.BSP_SDRAM_Initialization_sequence)
    BSP_SDRAM_MspInit                        0x0800367d   Thumb Code   418  stm32746g_discovery_sdram.o(i.BSP_SDRAM_MspInit)
    CAN1_RX0_IRQHandler                      0x08003845   Thumb Code     8  can_api.o(i.CAN1_RX0_IRQHandler)
    CAN1_SCE_IRQHandler                      0x08003851   Thumb Code     8  can_api.o(i.CAN1_SCE_IRQHandler)
    CAN1_TX_IRQHandler                       0x0800385d   Thumb Code     8  can_api.o(i.CAN1_TX_IRQHandler)
    CAN2_RX0_IRQHandler                      0x08003869   Thumb Code     8  can_api.o(i.CAN2_RX0_IRQHandler)
    CAN2_SCE_IRQHandler                      0x08003875   Thumb Code     8  can_api.o(i.CAN2_SCE_IRQHandler)
    CAN2_TX_IRQHandler                       0x08003881   Thumb Code     8  can_api.o(i.CAN2_TX_IRQHandler)
    FMC_SDRAM_Init                           0x08003a4d   Thumb Code   100  stm32f7xx_ll_fmc.o(i.FMC_SDRAM_Init)
    FMC_SDRAM_ProgramRefreshRate             0x08003ab1   Thumb Code    12  stm32f7xx_ll_fmc.o(i.FMC_SDRAM_ProgramRefreshRate)
    FMC_SDRAM_SendCommand                    0x08003abd   Thumb Code    82  stm32f7xx_ll_fmc.o(i.FMC_SDRAM_SendCommand)
    FMC_SDRAM_Timing_Init                    0x08003b0f   Thumb Code   144  stm32f7xx_ll_fmc.o(i.FMC_SDRAM_Timing_Init)
    HAL_ADC_ConfigChannel                    0x08003ba1   Thumb Code   442  stm32f7xx_hal_adc.o(i.HAL_ADC_ConfigChannel)
    HAL_ADC_GetState                         0x08003d6d   Thumb Code     4  stm32f7xx_hal_adc.o(i.HAL_ADC_GetState)
    HAL_ADC_GetValue                         0x08003d71   Thumb Code     6  stm32f7xx_hal_adc.o(i.HAL_ADC_GetValue)
    HAL_ADC_Init                             0x08003d79   Thumb Code   376  stm32f7xx_hal_adc.o(i.HAL_ADC_Init)
    HAL_ADC_MspInit                          0x08003ef9   Thumb Code     2  stm32f7xx_hal_adc.o(i.HAL_ADC_MspInit)
    HAL_ADC_PollForConversion                0x08003efd   Thumb Code   188  stm32f7xx_hal_adc.o(i.HAL_ADC_PollForConversion)
    HAL_ADC_Start                            0x08003fb9   Thumb Code   260  stm32f7xx_hal_adc.o(i.HAL_ADC_Start)
    HAL_DMA2D_ConfigLayer                    0x080040c9   Thumb Code   192  stm32f7xx_hal_dma2d.o(i.HAL_DMA2D_ConfigLayer)
    HAL_DMA2D_Init                           0x0800418d   Thumb Code    90  stm32f7xx_hal_dma2d.o(i.HAL_DMA2D_Init)
    HAL_DMA2D_MspInit                        0x080041e7   Thumb Code     2  stm32f7xx_hal_dma2d.o(i.HAL_DMA2D_MspInit)
    HAL_DMA2D_PollForTransfer                0x080041e9   Thumb Code   326  stm32f7xx_hal_dma2d.o(i.HAL_DMA2D_PollForTransfer)
    HAL_DMA2D_Start                          0x0800432f   Thumb Code    56  stm32f7xx_hal_dma2d.o(i.HAL_DMA2D_Start)
    HAL_DMA_Abort_IT                         0x08004367   Thumb Code    36  stm32f7xx_hal_dma.o(i.HAL_DMA_Abort_IT)
    HAL_DMA_DeInit                           0x0800438d   Thumb Code   126  stm32f7xx_hal_dma.o(i.HAL_DMA_DeInit)
    HAL_DMA_Init                             0x08004415   Thumb Code   368  stm32f7xx_hal_dma.o(i.HAL_DMA_Init)
    HAL_GPIO_DeInit                          0x08004591   Thumb Code   362  stm32f7xx_hal_gpio.o(i.HAL_GPIO_DeInit)
    HAL_GPIO_Init                            0x08004705   Thumb Code   572  stm32f7xx_hal_gpio.o(i.HAL_GPIO_Init)
    HAL_GPIO_WritePin                        0x08004955   Thumb Code    10  stm32f7xx_hal_gpio.o(i.HAL_GPIO_WritePin)
    HAL_GetTick                              0x08004961   Thumb Code     6  stm32f7xx_hal.o(i.HAL_GetTick)
    HAL_IncTick                              0x0800496d   Thumb Code    10  stm32f7xx_hal.o(i.HAL_IncTick)
    HAL_Init                                 0x0800497d   Thumb Code    32  stm32f7xx_hal.o(i.HAL_Init)
    HAL_InitTick                             0x080049a1   Thumb Code   172  hal_tick_32b.o(i.HAL_InitTick)
    HAL_LTDC_ConfigLayer                     0x08004a6d   Thumb Code    88  stm32f7xx_hal_ltdc.o(i.HAL_LTDC_ConfigLayer)
    HAL_LTDC_DeInit                          0x08004ac5   Thumb Code    24  stm32f7xx_hal_ltdc.o(i.HAL_LTDC_DeInit)
    HAL_LTDC_GetState                        0x08004add   Thumb Code     6  stm32f7xx_hal_ltdc.o(i.HAL_LTDC_GetState)
    HAL_LTDC_Init                            0x08004ae5   Thumb Code   282  stm32f7xx_hal_ltdc.o(i.HAL_LTDC_Init)
    HAL_LTDC_MspDeInit                       0x08004c05   Thumb Code     2  stm32f7xx_hal_ltdc.o(i.HAL_LTDC_MspDeInit)
    HAL_LTDC_MspInit                         0x08004c07   Thumb Code     2  stm32f7xx_hal_ltdc.o(i.HAL_LTDC_MspInit)
    HAL_MspInit                              0x08004c09   Thumb Code     2  stm32f7xx_hal.o(i.HAL_MspInit)
    HAL_NVIC_EnableIRQ                       0x08004c0b   Thumb Code    24  stm32f7xx_hal_cortex.o(i.HAL_NVIC_EnableIRQ)
    HAL_NVIC_SetPriority                     0x08004c25   Thumb Code    92  stm32f7xx_hal_cortex.o(i.HAL_NVIC_SetPriority)
    HAL_NVIC_SetPriorityGrouping             0x08004c85   Thumb Code    30  stm32f7xx_hal_cortex.o(i.HAL_NVIC_SetPriorityGrouping)
    HAL_PWREx_EnableOverDrive                0x08004ca9   Thumb Code   116  stm32f7xx_hal_pwr_ex.o(i.HAL_PWREx_EnableOverDrive)
    HAL_RCCEx_PeriphCLKConfig                0x08004d25   Thumb Code  1860  stm32f7xx_hal_rcc_ex.o(i.HAL_RCCEx_PeriphCLKConfig)
    HAL_RCC_ClockConfig                      0x08005475   Thumb Code   492  stm32f7xx_hal_rcc.o(i.HAL_RCC_ClockConfig)
    HAL_RCC_GetClockConfig                   0x08005681   Thumb Code    62  stm32f7xx_hal_rcc.o(i.HAL_RCC_GetClockConfig)
    HAL_RCC_GetPCLK1Freq                     0x080056c9   Thumb Code    34  stm32f7xx_hal_rcc.o(i.HAL_RCC_GetPCLK1Freq)
    HAL_RCC_GetPCLK2Freq                     0x080056f9   Thumb Code    34  stm32f7xx_hal_rcc.o(i.HAL_RCC_GetPCLK2Freq)
    HAL_RCC_GetSysClockFreq                  0x08005729   Thumb Code   136  stm32f7xx_hal_rcc.o(i.HAL_RCC_GetSysClockFreq)
    HAL_RCC_OscConfig                        0x080057c1   Thumb Code   998  stm32f7xx_hal_rcc.o(i.HAL_RCC_OscConfig)
    HAL_SDRAM_Init                           0x08005bc5   Thumb Code    66  stm32f7xx_hal_sdram.o(i.HAL_SDRAM_Init)
    HAL_SDRAM_MspInit                        0x08005c07   Thumb Code     2  stm32f7xx_hal_sdram.o(i.HAL_SDRAM_MspInit)
    HAL_SDRAM_ProgramRefreshRate             0x08005c09   Thumb Code    36  stm32f7xx_hal_sdram.o(i.HAL_SDRAM_ProgramRefreshRate)
    HAL_SDRAM_SendCommand                    0x08005c2d   Thumb Code    46  stm32f7xx_hal_sdram.o(i.HAL_SDRAM_SendCommand)
    HAL_TIM_OC_Init                          0x08005c5b   Thumb Code    54  stm32f7xx_hal_tim.o(i.HAL_TIM_OC_Init)
    HAL_TIM_OC_MspInit                       0x08005c91   Thumb Code     2  stm32f7xx_hal_tim.o(i.HAL_TIM_OC_MspInit)
    HAL_TIM_OC_Start                         0x08005c93   Thumb Code    64  stm32f7xx_hal_tim.o(i.HAL_TIM_OC_Start)
    HAL_UART_ErrorCallback                   0x08005cd3   Thumb Code    58  serial_api.o(i.HAL_UART_ErrorCallback)
    HAL_UART_IRQHandler                      0x08005d0d   Thumb Code   652  stm32f7xx_hal_uart.o(i.HAL_UART_IRQHandler)
    HAL_UART_Init                            0x08005f9d   Thumb Code   110  stm32f7xx_hal_uart.o(i.HAL_UART_Init)
    HAL_UART_MspInit                         0x0800600b   Thumb Code     2  stm32f7xx_hal_uart.o(i.HAL_UART_MspInit)
    HAL_UART_RxCpltCallback                  0x0800600d   Thumb Code     2  stm32f7xx_hal_uart.o(i.HAL_UART_RxCpltCallback)
    HAL_UART_TxCpltCallback                  0x0800600f   Thumb Code    16  serial_api.o(i.HAL_UART_TxCpltCallback)
    NVIC_SetVector                           0x0800627d   Thumb Code    48  cmsis_nvic.o(i.NVIC_SetVector)
    SetSysClock_PLL_HSI                      0x080062b1   Thumb Code   258  system_stm32f7xx.o(i.SetSysClock_PLL_HSI)
    Set_GPIO_Clock                           0x080063c9   Thumb Code   260  gpio_api.o(i.Set_GPIO_Clock)
    SystemCoreClockUpdate                    0x08006521   Thumb Code   124  system_stm32f7xx.o(i.SystemCoreClockUpdate)
    SystemInit                               0x080065b5   Thumb Code   348  system_stm32f7xx.o(i.SystemInit)
    TIM_Base_SetConfig                       0x08006749   Thumb Code   180  stm32f7xx_hal_tim.o(i.TIM_Base_SetConfig)
    UART_AdvFeatureConfig                    0x08006811   Thumb Code   218  stm32f7xx_hal_uart.o(i.UART_AdvFeatureConfig)
    UART_CheckIdleState                      0x080068eb   Thumb Code    68  stm32f7xx_hal_uart.o(i.UART_CheckIdleState)
    UART_SetConfig                           0x08006945   Thumb Code   654  stm32f7xx_hal_uart.o(i.UART_SetConfig)
    UART_WaitOnFlagUntilTimeout              0x08006be5   Thumb Code   118  stm32f7xx_hal_uart.o(i.UART_WaitOnFlagUntilTimeout)
    LCD_DISCO_F746NG::SetBackColor(unsigned) 0x08006c5b   Thumb Code    14  lcd_disco_f746ng.o(i._ZN16LCD_DISCO_F746NG12SetBackColorEj)
    LCD_DISCO_F746NG::SetTextColor(unsigned) 0x08006c69   Thumb Code    14  lcd_disco_f746ng.o(i._ZN16LCD_DISCO_F746NG12SetTextColorEj)
    LCD_DISCO_F746NG::DisplayStringAt(unsigned short, unsigned short, unsigned char*, Text_AlignModeTypdef) 0x08006c77   Thumb Code    30  lcd_disco_f746ng.o(i._ZN16LCD_DISCO_F746NG15DisplayStringAtEttPh20Text_AlignModeTypdef)
    LCD_DISCO_F746NG::Clear(unsigned)        0x08006c95   Thumb Code    14  lcd_disco_f746ng.o(i._ZN16LCD_DISCO_F746NG5ClearEj)
    LCD_DISCO_F746NG::DrawLine(unsigned short, unsigned short, unsigned short, unsigned short) 0x08006ca3   Thumb Code    30  lcd_disco_f746ng.o(i._ZN16LCD_DISCO_F746NG8DrawLineEtttt)
    LCD_DISCO_F746NG::LCD_DISCO_F746NG()     0x08006cc1   Thumb Code   102  lcd_disco_f746ng.o(i._ZN16LCD_DISCO_F746NGC1Ev)
    LCD_DISCO_F746NG::LCD_DISCO_F746NG__sub_object() 0x08006cc1   Thumb Code     0  lcd_disco_f746ng.o(i._ZN16LCD_DISCO_F746NGC1Ev)
    LCD_DISCO_F746NG::~LCD_DISCO_F746NG()    0x08006d31   Thumb Code    12  lcd_disco_f746ng.o(i._ZN16LCD_DISCO_F746NGD1Ev)
    LCD_DISCO_F746NG::~LCD_DISCO_F746NG__sub_object() 0x08006d31   Thumb Code     0  lcd_disco_f746ng.o(i._ZN16LCD_DISCO_F746NGD1Ev)
    mbed::SerialBase::_base_putc(int)        0x08006d3d   Thumb Code    14  SerialBase.o(i._ZN4mbed10SerialBase10_base_putcEi)
    mbed::SerialBase::_irq_handler(unsigned, SerialIrq) 0x08006d4d   Thumb Code    40  SerialBase.o(i._ZN4mbed10SerialBase12_irq_handlerEj9SerialIrq)
    mbed::SerialBase::interrupt_handler_asynch() 0x08006d7d   Thumb Code    62  SerialBase.o(i._ZN4mbed10SerialBase24interrupt_handler_asynchEv)
    mbed::SerialBase::baud(int)              0x08006dbb   Thumb Code    40  SerialBase.o(i._ZN4mbed10SerialBase4baudEi)
    mbed::SerialBase::lock()                 0x08006de3   Thumb Code     2  SerialBase.o(i._ZN4mbed10SerialBase4lockEv)
    mbed::SerialBase::format(int, mbed::SerialBase::Parity, int) 0x08006de5   Thumb Code    48  SerialBase.o(i._ZN4mbed10SerialBase6formatEiNS0_6ParityEi)
    mbed::SerialBase::unlock()               0x08006e15   Thumb Code     2  SerialBase.o(i._ZN4mbed10SerialBase6unlockEv)
    mbed::SerialBase::SerialBase(PinName, PinName, int) 0x08006e19   Thumb Code   346  SerialBase.o(i._ZN4mbed10SerialBaseC1E7PinNameS1_i)
    mbed::SerialBase::SerialBase__sub_object(PinName, PinName, int) 0x08006e19   Thumb Code     0  SerialBase.o(i._ZN4mbed10SerialBaseC1E7PinNameS1_i)
    mbed::remove_filehandle(mbed::FileLike*) 0x08006fa1   Thumb Code    94  mbed_retarget.o(i._ZN4mbed17remove_filehandleEPNS_8FileLikeE)
    mbed::mbed_set_unbuffered_stream(std::__FILE*) 0x08007011   Thumb Code     6  mbed_retarget.o(i._ZN4mbed26mbed_set_unbuffered_streamEPSt6__FILE)
    mbed::Serial::lock()                     0x08007017   Thumb Code     2  Serial.o(i._ZN4mbed6Serial4lockEv)
    mbed::Serial::unlock()                   0x08007019   Thumb Code     2  Serial.o(i._ZN4mbed6Serial6unlockEv)
    mbed::Serial::Serial(PinName, PinName, const char*, int) 0x0800701d   Thumb Code    34  Serial.o(i._ZN4mbed6SerialC1E7PinNameS1_PKci)
    mbed::Serial::Serial__sub_object(PinName, PinName, const char*, int) 0x0800701d   Thumb Code     0  Serial.o(i._ZN4mbed6SerialC1E7PinNameS1_PKci)
    mbed::Serial::~Serial()                  0x08007045   Thumb Code    72  Serial.o(i._ZN4mbed6SerialD1Ev)
    mbed::Serial::~Serial__sub_object()      0x08007045   Thumb Code     0  Serial.o(i._ZN4mbed6SerialD1Ev)
    mbed::Stream::seek(long, int)            0x08007099   Thumb Code     4  Stream.o(i._ZN4mbed6Stream4seekEli)
    mbed::Stream::size()                     0x0800709d   Thumb Code     4  Stream.o(i._ZN4mbed6Stream4sizeEv)
    mbed::Stream::close()                    0x080070a1   Thumb Code     4  Stream.o(i._ZN4mbed6Stream5closeEv)
    mbed::Stream::write(const void*, unsigned) 0x080070a5   Thumb Code    60  Stream.o(i._ZN4mbed6Stream5writeEPKvj)
    mbed::Stream::isatty()                   0x080070e1   Thumb Code     4  Stream.o(i._ZN4mbed6Stream6isattyEv)
    mbed::Stream::printf(const char*, ...)   0x080070e5   Thumb Code    50  Stream.o(i._ZN4mbed6Stream6printfEPKcz)
    mbed::Stream::Stream__sub_object(const char*) 0x08007119   Thumb Code    50  Stream.o(i._ZN4mbed6StreamC2EPKc)
    mbed::Stream::~Stream()                  0x08007159   Thumb Code     0  Stream.o(i._ZN4mbed6StreamD2Ev)
    mbed::Stream::~Stream__sub_object()      0x08007159   Thumb Code    24  Stream.o(i._ZN4mbed6StreamD2Ev)
    mbed::AnalogIn::lock()                   0x08007175   Thumb Code    16  main.o(i._ZN4mbed8AnalogIn4lockEv)
    mbed::AnalogIn::unlock()                 0x08007189   Thumb Code    16  main.o(i._ZN4mbed8AnalogIn6unlockEv)
    mbed::AnalogIn::~AnalogIn()              0x0800719d   Thumb Code     2  main.o(i._ZN4mbed8AnalogInD1Ev)
    mbed::AnalogIn::~AnalogIn__sub_object()  0x0800719d   Thumb Code     0  main.o(i._ZN4mbed8AnalogInD1Ev)
    mbed::FileBase::getPathType()            0x0800719f   Thumb Code     4  FileBase.o(i._ZN4mbed8FileBase11getPathTypeEv)
    mbed::FileBase::lookup(const char*, unsigned) 0x080071a5   Thumb Code    90  FileBase.o(i._ZN4mbed8FileBase6lookupEPKcj)
    mbed::FileBase::FileBase(const char*, mbed::PathType) 0x08007211   Thumb Code    50  FileBase.o(i._ZN4mbed8FileBaseC1EPKcNS_8PathTypeE)
    mbed::FileBase::FileBase__sub_object(const char*, mbed::PathType) 0x08007211   Thumb Code     0  FileBase.o(i._ZN4mbed8FileBaseC1EPKcNS_8PathTypeE)
    mbed::FileBase::~FileBase()              0x08007251   Thumb Code    72  FileBase.o(i._ZN4mbed8FileBaseD1Ev)
    mbed::FileBase::~FileBase__sub_object()  0x08007251   Thumb Code     0  FileBase.o(i._ZN4mbed8FileBaseD1Ev)
    mbed::FileLike::lock()                   0x080072a5   Thumb Code     2  Stream.o(i._ZN4mbed8FileLike4lockEv)
    mbed::FileLike::unlock()                 0x080072a7   Thumb Code     2  Stream.o(i._ZN4mbed8FileLike6unlockEv)
    mbed::FilePath::file()                   0x080072a9   Thumb Code    24  FilePath.o(i._ZN4mbed8FilePath4fileEv)
    mbed::FilePath::exists()                 0x080072c1   Thumb Code    10  FilePath.o(i._ZN4mbed8FilePath6existsEv)
    mbed::FilePath::isFile()                 0x080072cb   Thumb Code    24  FilePath.o(i._ZN4mbed8FilePath6isFileEv)
    mbed::FilePath::FilePath(const char*)    0x080072e3   Thumb Code    64  FilePath.o(i._ZN4mbed8FilePathC1EPKc)
    mbed::FilePath::FilePath__sub_object(const char*) 0x080072e3   Thumb Code     0  FilePath.o(i._ZN4mbed8FilePathC1EPKc)
    thunk{-180} to mbed::Serial::lock()      0x08007325   Thumb Code     2  Serial.o(i._ZThn180_N4mbed6Serial4lockEv)
    thunk{-180} to mbed::Serial::_putc(int)  0x08007327   Thumb Code     6  Serial.o(i._ZThn180_N4mbed6Serial5_putcEi)
    thunk{-180} to mbed::Serial::unlock()    0x0800732d   Thumb Code     2  Serial.o(i._ZThn180_N4mbed6Serial6unlockEv)
    __ARM_fpclassify                         0x0800732f   Thumb Code    48  fpclassify.o(i.__ARM_fpclassify)
    __aeabi_atexit                           0x0800735f   Thumb Code     4  mbed_retarget.o(i.__aeabi_atexit)
    __aeabi_vec_ctor_nocookie_nodtor         0x08007363   Thumb Code    36  aeabi_vec_ctor_nocookie_nodtor.o(i.__aeabi_vec_ctor_nocookie_nodtor)
    __cxa_pure_virtual                       0x08007387   Thumb Code     6  pure_virt.o(i.__cxa_pure_virtual)
    __user_setup_stackheap                   0x08007421   Thumb Code    10  sys.o(i.__user_setup_stackheap)
    _is_digit                                0x08007431   Thumb Code    14  __printf_wp.o(i._is_digit)
    _platform_post_stackheap_init            0x0800743f   Thumb Code     8  mbed_retarget.o(i._platform_post_stackheap_init)
    _sys_close                               0x08007449   Thumb Code    72  mbed_retarget.o(i._sys_close)
    _sys_flen                                0x08007495   Thumb Code    50  mbed_retarget.o(i._sys_flen)
    _sys_istty                               0x080074cd   Thumb Code    66  mbed_retarget.o(i._sys_istty)
    _sys_open                                0x08007515   Thumb Code   366  mbed_retarget.o(i._sys_open)
    _sys_seek                                0x080076ad   Thumb Code    56  mbed_retarget.o(i._sys_seek)
    _sys_write                               0x080076e9   Thumb Code   120  mbed_retarget.o(i._sys_write)
    analogin_init                            0x08007861   Thumb Code   264  analogin_api.o(i.analogin_init)
    analogin_read                            0x080079d5   Thumb Code    24  analogin_api.o(i.analogin_read)
    analogin_read_u16                        0x080079f1   Thumb Code    22  analogin_api.o(i.analogin_read_u16)
    core_util_critical_section_enter         0x08007b31   Thumb Code    70  mbed_critical.o(i.core_util_critical_section_enter)
    core_util_critical_section_exit          0x08007bbd   Thumb Code    60  mbed_critical.o(i.core_util_critical_section_exit)
    error                                    0x08007c15   Thumb Code    18  mbed_error.o(i.error)
    exit                                     0x08007c29   Thumb Code    24  mbed_retarget.o(i.exit)
    fputc                                    0x08007c49   Thumb Code    26  fputc.o(i.fputc)
    gpio_dir                                 0x08007c63   Thumb Code    74  gpio_api.o(i.gpio_dir)
    gpio_init                                0x08007cad   Thumb Code    78  gpio_api.o(i.gpio_init)
    gpio_init_out                            0x08007d01   Thumb Code    48  mbed_gpio.o(i.gpio_init_out)
    gpio_mode                                0x08007d31   Thumb Code     8  gpio_api.o(i.gpio_mode)
    $Super$$main                             0x08007dc5   Thumb Code   282  main.o(i.main)
    mbed_assert_internal                     0x08007f5d   Thumb Code    32  mbed_assert.o(i.mbed_assert_internal)
    mbed_die                                 0x08007fb1   Thumb Code    18  mbed_board.o(i.mbed_die)
    mbed_error_printf                        0x08007fc5   Thumb Code    82  mbed_board.o(i.mbed_error_printf)
    mbed_error_vfprintf                      0x08008021   Thumb Code    76  mbed_board.o(i.mbed_error_vfprintf)
    mbed_main                                0x08008075   Thumb Code     2  mbed_retarget.o(i.mbed_main)
    mbed_sdk_init                            0x08008077   Thumb Code    14  mbed_overrides.o(i.mbed_sdk_init)
    pin_function                             0x08008085   Thumb Code   424  pinmap.o(i.pin_function)
    pin_mode                                 0x0800824d   Thumb Code   220  pinmap.o(i.pin_mode)
    pinmap_function                          0x08008345   Thumb Code    62  mbed_pinmap_common.o(i.pinmap_function)
    pinmap_merge                             0x080083a5   Thumb Code    38  mbed_pinmap_common.o(i.pinmap_merge)
    pinmap_peripheral                        0x080083e1   Thumb Code    62  mbed_pinmap_common.o(i.pinmap_peripheral)
    pinmap_pinout                            0x08008441   Thumb Code    72  mbed_pinmap_common.o(i.pinmap_pinout)
    serial_baud                              0x0800849d   Thumb Code     6  serial_api.o(i.serial_baud)
    serial_format                            0x080084a3   Thumb Code    64  serial_api.o(i.serial_format)
    serial_init                              0x080084e5   Thumb Code   524  serial_api.o(i.serial_init)
    serial_irq_handler                       0x08008735   Thumb Code    14  serial_api.o(i.serial_irq_handler)
    serial_irq_handler_asynch                0x0800874d   Thumb Code   372  serial_api.o(i.serial_irq_handler_asynch)
    serial_putc                              0x080088c5   Thumb Code    32  serial_api.o(i.serial_putc)
    ticker_irq_handler                       0x080088e9   Thumb Code    80  mbed_ticker_api.o(i.ticker_irq_handler)
    timer_irq_handler                        0x08008939   Thumb Code    90  hal_tick_32b.o(i.timer_irq_handler)
    us_ticker_clear_interrupt                0x0800899d   Thumb Code    14  us_ticker_32b.o(i.us_ticker_clear_interrupt)
    us_ticker_disable_interrupt              0x080089b5   Thumb Code    16  us_ticker_32b.o(i.us_ticker_disable_interrupt)
    us_ticker_init                           0x080089cd   Thumb Code    26  us_ticker_32b.o(i.us_ticker_init)
    us_ticker_irq_handler                    0x080089f5   Thumb Code     6  mbed_us_ticker_api.o(i.us_ticker_irq_handler)
    us_ticker_read                           0x08008a01   Thumb Code    30  us_ticker_32b.o(i.us_ticker_read)
    us_ticker_set_interrupt                  0x08008a31   Thumb Code    18  us_ticker_32b.o(i.us_ticker_set_interrupt)
    wait                                     0x08008a4d   Thumb Code    36  mbed_wait_api_no_rtos.o(i.wait)
    wait_ms                                  0x08008a75   Thumb Code    28  mbed_wait_api_no_rtos.o(i.wait_ms)
    _get_lc_numeric                          0x08008a91   Thumb Code    44  lc_numeric_c.o(locale$$code)
    _get_lc_ctype                            0x08008abd   Thumb Code    44  lc_ctype_c.o(locale$$code)
    SingletonPtr<PlatformMutex>::operator ->() 0x08008ae9   Thumb Code    36  FileBase.o(t._ZN12SingletonPtrI13PlatformMutexEptEv)
    void mbed::Callback<void()>::function_call<void(*)()>(const void*) 0x08008b15   Thumb Code     4  SerialBase.o(t._ZN4mbed8CallbackIFvvEE13function_callIPS1_EEvPKv)
    void mbed::Callback<void()>::function_dtor<void(*)()>(void*) 0x08008b19   Thumb Code     2  SerialBase.o(t._ZN4mbed8CallbackIFvvEE13function_dtorIPS1_EEvPv)
    void mbed::Callback<void()>::function_move<void(*)()>(void*, const void*) 0x08008b1b   Thumb Code    10  SerialBase.o(t._ZN4mbed8CallbackIFvvEE13function_moveIPS1_EEvPvPKv)
    mbed::Callback<void()>::~Callback()      0x08008b25   Thumb Code    18  Serial.o(t._ZN4mbed8CallbackIFvvEED1Ev)
    mbed::Callback<void()>::~Callback__sub_object() 0x08008b25   Thumb Code     0  Serial.o(t._ZN4mbed8CallbackIFvvEED1Ev)
    CThunk<mbed::SerialBase>::trampoline(mbed::SerialBase*, void*, void(mbed::SerialBase::**)(void*)) 0x08008b37   Thumb Code    54  SerialBase.o(t._ZN6CThunkIN4mbed10SerialBaseEE10trampolineEPS1_PvPMS1_FvS4_E)
    __aeabi_dmul                             0x08008b6d   Thumb Code     0  dmul.o(x$fpl$dmul)
    _dmul                                    0x08008b6d   Thumb Code   332  dmul.o(x$fpl$dmul)
    __fpl_dnaninf                            0x08008cc1   Thumb Code   156  dnaninf.o(x$fpl$dnaninf)
    __fpl_dretinf                            0x08008d5d   Thumb Code    12  dretinf.o(x$fpl$dretinf)
    __aeabi_f2d                              0x08008d69   Thumb Code     0  f2d.o(x$fpl$f2d)
    _f2d                                     0x08008d69   Thumb Code    86  f2d.o(x$fpl$f2d)
    __fpl_fnaninf                            0x08008dbf   Thumb Code   140  fnaninf.o(x$fpl$fnaninf)
    _fp_init                                 0x08008e4b   Thumb Code    10  fpinit.o(x$fpl$fpinit)
    __fplib_config_fpu_vfp                   0x08008e53   Thumb Code     0  fpinit.o(x$fpl$fpinit)
    __fplib_config_pureend_doubles           0x08008e53   Thumb Code     0  fpinit.o(x$fpl$fpinit)
    _printf_fp_dec                           0x08008e55   Thumb Code     4  printf1.o(x$fpl$printf1)
    _printf_fp_hex                           0x08008e59   Thumb Code     4  printf2.o(x$fpl$printf2)
    Font24_Table                             0x08008e5c   Data        6840  font24.o(.constdata)
    __I$use$fp                               0x08008e5c   Number         0  usenofp.o(x$fpl$usenofp)
    __stdin_name                             0x0800a914   Data           7  mbed_retarget.o(.constdata)
    __stdout_name                            0x0800a91b   Data           8  mbed_retarget.o(.constdata)
    __stderr_name                            0x0800a923   Data           8  mbed_retarget.o(.constdata)
    PinMap_ADC                               0x0800a92c   Data         120  PeripheralPins.o(.constdata)
    PinMap_UART_TX                           0x0800a9a4   Data          60  PeripheralPins.o(.constdata)
    PinMap_UART_RX                           0x0800a9e0   Data          48  PeripheralPins.o(.constdata)
    ll_pin_defines                           0x0800aa10   Data          64  pinmap.o(.constdata)
    AHBPrescTable                            0x0800aa58   Data          16  system_stm32f7xx.o(.constdata)
    APBPrescTable                            0x0800aa68   Data           8  system_stm32f7xx.o(.constdata)
    vtable for mbed::SerialBase              0x0800ab9c   Data          24  SerialBase.o(.constdata__ZTVN4mbed10SerialBaseE)
    vtable for mbed::Serial                  0x0800abb4   Data         112  Serial.o(.constdata__ZTVN4mbed6SerialE)
    vtable for mbed::Stream                  0x0800ac24   Data          80  Stream.o(.constdata__ZTVN4mbed6StreamE)
    vtable for mbed::AnalogIn                0x0800ac74   Data          24  main.o(.constdata__ZTVN4mbed8AnalogInE)
    vtable for mbed::FileBase                0x0800ac8c   Data          16  FileBase.o(.constdata__ZTVN4mbed8FileBaseE)
    SingletonPtr<PlatformMutex>::get()::string 0x0800ac9c   Data          20  mbed_retarget.o(.constdata__ZZN12SingletonPtrI13PlatformMutexE3getEvEs)
    SingletonPtr<PlatformMutex>::get()::string (instance 2) 0x0800acb0   Data          77  mbed_retarget.o(.constdata__ZZN12SingletonPtrI13PlatformMutexE3getEvEs_0)
    void mbed::Callback<void()>::generate<void(*)()>(const T1&)::ops 0x0800ad00   Data          12  SerialBase.o(.constdata__ZZN4mbed8CallbackIFvvEE8generateIPS1_EEvRKT_E3ops)
    mbed::Callback<void()>::call() const::string 0x0800ad0c   Data           5  SerialBase.o(.constdata__ZZNK4mbed8CallbackIFvvEE4callEvEs)
    mbed::Callback<void()>::call() const::string (instance 2) 0x0800ad11   Data          73  SerialBase.o(.constdata__ZZNK4mbed8CallbackIFvvEE4callEvEs_0)
    Region$$Table$$Base                      0x0800aea0   Number         0  anon$$obj.o(Region$$Table)
    Region$$Table$$Limit                     0x0800aec0   Number         0  anon$$obj.o(Region$$Table)
    __ctype                                  0x0800aee9   Data           0  lc_ctype_c.o(locale$$data)
    SHT$$INIT_ARRAY$$Base                    0x0800afec   Number         0  main.o(.init_array)
    SHT$$INIT_ARRAY$$Limit                   0x0800aff0   Number         0  init_aeabi.o(.init_array)
    Font24                                   0x200001c8   Data           8  font24.o(.data)
    lcd                                      0x200001d6   Data           1  main.o(.data)
    PreviousVal                              0x200001f0   Data           4  hal_tick_32b.o(.data)
    stdio_uart_inited                        0x200001fc   Data           4  serial_api.o(.data)
    uwTick                                   0x20000204   Data           4  stm32f7xx_hal.o(.data)
    SystemCoreClock                          0x20000208   Data           4  system_stm32f7xx.o(.data)
    mbed::AnalogIn::_mutex                   0x20000210   Data           8  AnalogIn.o(.data)
    mbed::FileBase::_head                    0x20000228   Data           4  FileBase.o(.data)
    mbed::FileBase::_mutex                   0x2000022c   Data           8  FileBase.o(.data)
    __aeabi_stdin                            0x20000234   Data           4  stdio_streams.o(.data)
    __aeabi_stdout                           0x20000238   Data           4  stdio_streams.o(.data)
    __aeabi_stderr                           0x2000023c   Data           4  stdio_streams.o(.data)
    hLtdcHandler                             0x20000244   Data         168  stm32746g_discovery_lcd.o(.bss)
    sdramHandle                              0x200003c8   Data          52  stm32746g_discovery_sdram.o(.bss)
    myled                                    0x200004e8   Data          28  main.o(.bss)
    pc                                       0x20000504   Data         204  main.o(.bss)
    Ain                                      0x200005d0   Data          12  main.o(.bss)
    AdcHandle                                0x200005dc   Data          72  analogin_api.o(.bss)
    stdio_uart                               0x20000a44   Data          68  serial_api.o(.bss)
    TimMasterHandle                          0x20000a88   Data          64  us_ticker_32b.o(.bss)
    __stdin                                  0x20000acc   Data          84  stdio_streams.o(.bss)
    __stdout                                 0x20000b20   Data          84  stdio_streams.o(.bss)
    __stderr                                 0x20000b74   Data          84  stdio_streams.o(.bss)
    Image$$RW_IRAM1$$ZI$$Limit               0x20000be0   Number         0  anon$$obj.o ABSOLUTE



==============================================================================

Memory Map of the image

  Image Entry point : 0x080001c9

  Load Region LR_IROM1 (Base: 0x08000000, Size: 0x0000b06c, Max: 0x00100000, ABSOLUTE)

    Execution Region ER_IROM1 (Base: 0x08000000, Size: 0x0000aff0, Max: 0x00100000, ABSOLUTE)

    Base Addr    Size         Type   Attr      Idx    E Section Name        Object

    0x08000000   0x000001c8   Data   RO         3854    RESET               startup_stm32f746xg.o
    0x080001c8   0x00000008   Code   RO         8173  * !!!main             c_w.l(__main.o)
    0x080001d0   0x00000034   Code   RO         8866    !!!scatter          c_w.l(__scatter.o)
    0x08000204   0x0000001a   Code   RO         8868    !!handler_copy      c_w.l(__scatter_copy.o)
    0x0800021e   0x00000002   PAD
    0x08000220   0x0000001c   Code   RO         8870    !!handler_zi        c_w.l(__scatter_zi.o)
    0x0800023c   0x00000000   Code   RO         8113    .ARM.Collect$$_printf_percent$$00000000  c_w.l(_printf_percent.o)
    0x0800023c   0x00000006   Code   RO         8372    .ARM.Collect$$_printf_percent$$00000001  c_w.l(_printf_n.o)
    0x08000242   0x00000006   Code   RO         8112    .ARM.Collect$$_printf_percent$$00000002  c_w.l(_printf_p.o)
    0x08000248   0x00000006   Code   RO         8378    .ARM.Collect$$_printf_percent$$00000003  c_w.l(_printf_f.o)
    0x0800024e   0x00000006   Code   RO         8379    .ARM.Collect$$_printf_percent$$00000004  c_w.l(_printf_e.o)
    0x08000254   0x00000006   Code   RO         8380    .ARM.Collect$$_printf_percent$$00000005  c_w.l(_printf_g.o)
    0x0800025a   0x00000006   Code   RO         8381    .ARM.Collect$$_printf_percent$$00000006  c_w.l(_printf_a.o)
    0x08000260   0x0000000a   Code   RO         8386    .ARM.Collect$$_printf_percent$$00000007  c_w.l(_printf_ll.o)
    0x0800026a   0x00000006   Code   RO         8375    .ARM.Collect$$_printf_percent$$00000008  c_w.l(_printf_i.o)
    0x08000270   0x00000006   Code   RO         8376    .ARM.Collect$$_printf_percent$$00000009  c_w.l(_printf_d.o)
    0x08000276   0x00000006   Code   RO         8377    .ARM.Collect$$_printf_percent$$0000000A  c_w.l(_printf_u.o)
    0x0800027c   0x00000006   Code   RO         8374    .ARM.Collect$$_printf_percent$$0000000B  c_w.l(_printf_o.o)
    0x08000282   0x00000006   Code   RO         8373    .ARM.Collect$$_printf_percent$$0000000C  c_w.l(_printf_x.o)
    0x08000288   0x00000006   Code   RO         8383    .ARM.Collect$$_printf_percent$$0000000D  c_w.l(_printf_lli.o)
    0x0800028e   0x00000006   Code   RO         8384    .ARM.Collect$$_printf_percent$$0000000E  c_w.l(_printf_lld.o)
    0x08000294   0x00000006   Code   RO         8385    .ARM.Collect$$_printf_percent$$0000000F  c_w.l(_printf_llu.o)
    0x0800029a   0x00000006   Code   RO         8390    .ARM.Collect$$_printf_percent$$00000010  c_w.l(_printf_llo.o)
    0x080002a0   0x00000006   Code   RO         8391    .ARM.Collect$$_printf_percent$$00000011  c_w.l(_printf_llx.o)
    0x080002a6   0x0000000a   Code   RO         8387    .ARM.Collect$$_printf_percent$$00000012  c_w.l(_printf_l.o)
    0x080002b0   0x00000006   Code   RO         8370    .ARM.Collect$$_printf_percent$$00000013  c_w.l(_printf_c.o)
    0x080002b6   0x00000006   Code   RO         8371    .ARM.Collect$$_printf_percent$$00000014  c_w.l(_printf_s.o)
    0x080002bc   0x00000006   Code   RO         8388    .ARM.Collect$$_printf_percent$$00000015  c_w.l(_printf_lc.o)
    0x080002c2   0x00000006   Code   RO         8389    .ARM.Collect$$_printf_percent$$00000016  c_w.l(_printf_ls.o)
    0x080002c8   0x00000004   Code   RO         8382    .ARM.Collect$$_printf_percent$$00000017  c_w.l(_printf_percent_end.o)
    0x080002cc   0x00000002   Code   RO         8726    .ARM.Collect$$libinit$$00000000  c_w.l(libinit.o)
    0x080002ce   0x00000004   Code   RO         8442    .ARM.Collect$$libinit$$00000001  c_w.l(libinit2.o)
    0x080002d2   0x00000000   Code   RO         8445    .ARM.Collect$$libinit$$00000004  c_w.l(libinit2.o)
    0x080002d2   0x00000008   Code   RO         8446    .ARM.Collect$$libinit$$00000005  c_w.l(libinit2.o)
    0x080002da   0x00000000   Code   RO         8448    .ARM.Collect$$libinit$$0000000A  c_w.l(libinit2.o)
    0x080002da   0x00000000   Code   RO         8450    .ARM.Collect$$libinit$$0000000C  c_w.l(libinit2.o)
    0x080002da   0x00000000   Code   RO         8452    .ARM.Collect$$libinit$$0000000E  c_w.l(libinit2.o)
    0x080002da   0x00000006   Code   RO         8453    .ARM.Collect$$libinit$$0000000F  c_w.l(libinit2.o)
    0x080002e0   0x00000000   Code   RO         8455    .ARM.Collect$$libinit$$00000011  c_w.l(libinit2.o)
    0x080002e0   0x0000000c   Code   RO         8456    .ARM.Collect$$libinit$$00000012  c_w.l(libinit2.o)
    0x080002ec   0x00000000   Code   RO         8457    .ARM.Collect$$libinit$$00000013  c_w.l(libinit2.o)
    0x080002ec   0x00000000   Code   RO         8459    .ARM.Collect$$libinit$$00000015  c_w.l(libinit2.o)
    0x080002ec   0x0000000a   Code   RO         8460    .ARM.Collect$$libinit$$00000016  c_w.l(libinit2.o)
    0x080002f6   0x00000000   Code   RO         8461    .ARM.Collect$$libinit$$00000017  c_w.l(libinit2.o)
    0x080002f6   0x00000000   Code   RO         8463    .ARM.Collect$$libinit$$00000019  c_w.l(libinit2.o)
    0x080002f6   0x00000000   Code   RO         8465    .ARM.Collect$$libinit$$0000001B  c_w.l(libinit2.o)
    0x080002f6   0x00000000   Code   RO         8467    .ARM.Collect$$libinit$$0000001D  c_w.l(libinit2.o)
    0x080002f6   0x00000000   Code   RO         8469    .ARM.Collect$$libinit$$0000001F  c_w.l(libinit2.o)
    0x080002f6   0x00000000   Code   RO         8471    .ARM.Collect$$libinit$$00000021  c_w.l(libinit2.o)
    0x080002f6   0x00000000   Code   RO         8473    .ARM.Collect$$libinit$$00000023  c_w.l(libinit2.o)
    0x080002f6   0x00000004   Code   RO         8474    .ARM.Collect$$libinit$$00000024  c_w.l(libinit2.o)
    0x080002fa   0x00000000   Code   RO         8475    .ARM.Collect$$libinit$$00000025  c_w.l(libinit2.o)
    0x080002fa   0x00000000   Code   RO         8479    .ARM.Collect$$libinit$$0000002C  c_w.l(libinit2.o)
    0x080002fa   0x00000000   Code   RO         8481    .ARM.Collect$$libinit$$0000002E  c_w.l(libinit2.o)
    0x080002fa   0x00000000   Code   RO         8483    .ARM.Collect$$libinit$$00000030  c_w.l(libinit2.o)
    0x080002fa   0x00000004   Code   RO         8484    .ARM.Collect$$libinit$$00000031  c_w.l(libinit2.o)
    0x080002fe   0x00000000   Code   RO         8485    .ARM.Collect$$libinit$$00000032  c_w.l(libinit2.o)
    0x080002fe   0x00000002   Code   RO         8486    .ARM.Collect$$libinit$$00000033  c_w.l(libinit2.o)
    0x08000300   0x00000000   Code   RO         8628    .ARM.Collect$$libshutdown$$00000004  c_w.l(libshutdown2.o)
    0x08000300   0x00000000   Code   RO         8315    .ARM.Collect$$rtentry$$00000000  c_w.l(__rtentry.o)
    0x08000300   0x00000000   Code   RO         8525    .ARM.Collect$$rtentry$$00000002  c_w.l(__rtentry2.o)
    0x08000300   0x00000006   Code   RO         8537    .ARM.Collect$$rtentry$$00000004  c_w.l(__rtentry4.o)
    0x08000306   0x00000008   Code   RO         8526    .ARM.Collect$$rtentry$$00000008  c_w.l(__rtentry2.o)
    0x0800030e   0x00000004   Code   RO         8528    .ARM.Collect$$rtentry$$0000000A  c_w.l(__rtentry2.o)
    0x08000312   0x00000000   Code   RO         8530    .ARM.Collect$$rtentry$$0000000C  c_w.l(__rtentry2.o)
    0x08000312   0x00000008   Code   RO         8531    .ARM.Collect$$rtentry$$0000000D  c_w.l(__rtentry2.o)
    0x0800031a   0x00000002   PAD
    0x0800031c   0x00000000   Code   RO         8543    .emb_text           c_w.l(maybetermalloc1.o)
    0x0800031c   0x00000024   Code   RO         3855    .text               startup_stm32f746xg.o
    0x08000340   0x00000008   Code   RO         7994    .text               c_w.l(rt_errno_addr.o)
    0x08000348   0x0000005e   Code   RO         8003    .text               c_w.l(h1_alloc.o)
    0x080003a6   0x0000004e   Code   RO         8005    .text               c_w.l(h1_free.o)
    0x080003f4   0x00000024   Code   RO         8061    .text               c_w.l(vsprintf.o)
    0x08000418   0x0000000a   Code   RO         8063    .text               c_w.l(c89vfprintf.o)
    0x08000422   0x00000002   PAD
    0x08000424   0x0000002c   Code   RO         8065    .text               c_w.l(__2sprintf.o)
    0x08000450   0x00000094   Code   RO         8089    .text               c_w.l(_printf_hex_int_ll_ptr.o)
    0x080004e4   0x00000188   Code   RO         8109    .text               c_w.l(__printf_flags_ss_wp.o)
    0x0800066c   0x0000003c   Code   RO         8116    .text               c_w.l(__0sscanf.o)
    0x080006a8   0x0000014c   Code   RO         8118    .text               c_w.l(_scanf_int.o)
    0x080007f4   0x00000064   Code   RO         8120    .text               c_w.l(fflush.o)
    0x08000858   0x000000ec   Code   RO         8134    .text               c_w.l(fopen.o)
    0x08000944   0x00000014   Code   RO         8136    .text               c_w.l(setbuf.o)
    0x08000958   0x0000004c   Code   RO         8144    .text               c_w.l(fclose.o)
    0x080009a4   0x0000003e   Code   RO         8156    .text               c_w.l(strlen.o)
    0x080009e2   0x00000096   Code   RO         8158    .text               c_w.l(strncmp.o)
    0x08000a78   0x00000064   Code   RO         8160    .text               c_w.l(rt_memcpy_w.o)
    0x08000adc   0x0000004e   Code   RO         8164    .text               c_w.l(rt_memclr_w.o)
    0x08000b2a   0x00000002   PAD
    0x08000b2c   0x00000068   Code   RO         8166    .text               c_w.l(strcmpv7m_pel.o)
    0x08000b94   0x00000024   Code   RO         8178    .text               c_w.l(init_aeabi.o)
    0x08000bb8   0x00000022   Code   RO         8293    .text               cpprt_w.l(aeabi_vec_dtor_noexceptions.o)
    0x08000bda   0x00000002   PAD
    0x08000bdc   0x00000008   Code   RO         8316    .text               c_w.l(rt_heap_descriptor.o)
    0x08000be4   0x00000004   Code   RO         8321    .text               c_w.l(hguard.o)
    0x08000be8   0x0000008a   Code   RO         8323    .text               c_w.l(init_alloc.o)
    0x08000c72   0x0000000e   Code   RO         8327    .text               c_w.l(h1_init.o)
    0x08000c80   0x0000004e   Code   RO         8341    .text               c_w.l(_printf_pad.o)
    0x08000cce   0x00000024   Code   RO         8343    .text               c_w.l(_printf_truncate.o)
    0x08000cf2   0x00000052   Code   RO         8345    .text               c_w.l(_printf_str.o)
    0x08000d44   0x000000b2   Code   RO         8347    .text               c_w.l(_printf_intcommon.o)
    0x08000df6   0x00000002   PAD
    0x08000df8   0x00000078   Code   RO         8349    .text               c_w.l(_printf_dec.o)
    0x08000e70   0x00000028   Code   RO         8351    .text               c_w.l(_printf_charcount.o)
    0x08000e98   0x00000030   Code   RO         8353    .text               c_w.l(_printf_char_common.o)
    0x08000ec8   0x0000000a   Code   RO         8355    .text               c_w.l(_sputc.o)
    0x08000ed2   0x00000002   PAD
    0x08000ed4   0x00000024   Code   RO         8357    .text               c_w.l(_printf_char_file.o)
    0x08000ef8   0x000000bc   Code   RO         8359    .text               c_w.l(_printf_wctomb.o)
    0x08000fb4   0x0000007c   Code   RO         8362    .text               c_w.l(_printf_longlong_dec.o)
    0x08001030   0x00000070   Code   RO         8368    .text               c_w.l(_printf_oct_int_ll.o)
    0x080010a0   0x0000001c   Code   RO         8392    .text               c_w.l(_chval.o)
    0x080010bc   0x0000002c   Code   RO         8398    .text               c_w.l(scanf_char.o)
    0x080010e8   0x00000040   Code   RO         8400    .text               c_w.l(_sgetc.o)
    0x08001128   0x00000008   Code   RO         8410    .text               c_w.l(ferror.o)
    0x08001130   0x000001d6   Code   RO         8414    .text               c_w.l(flsbuf.o)
    0x08001306   0x00000002   PAD
    0x08001308   0x000000f8   Code   RO         8416    .text               c_w.l(fseek.o)
    0x08001400   0x00000046   Code   RO         8418    .text               c_w.l(setvbuf.o)
    0x08001446   0x00000002   PAD
    0x08001448   0x000000f0   Code   RO         8420    .text               c_w.l(stdio.o)
    0x08001538   0x00000138   Code   RO         8423    .text               c_w.l(initio.o)
    0x08001670   0x0000000e   Code   RO         8431    .text               c_w.l(defsig_pvfn_outer.o)
    0x0800167e   0x00000034   Code   RO         8545    .text               c_w.l(h1_extend.o)
    0x080016b2   0x0000008a   Code   RO         8549    .text               c_w.l(lludiv10.o)
    0x0800173c   0x00000012   Code   RO         8551    .text               c_w.l(isspace.o)
    0x0800174e   0x0000041a   Code   RO         8553    .text               c_w.l(_printf_fp_dec.o)
    0x08001b68   0x000002fc   Code   RO         8555    .text               c_w.l(_printf_fp_hex.o)
    0x08001e64   0x0000002c   Code   RO         8560    .text               c_w.l(_printf_char.o)
    0x08001e90   0x0000002c   Code   RO         8564    .text               c_w.l(_printf_wchar.o)
    0x08001ebc   0x00000374   Code   RO         8566    .text               c_w.l(_scanf.o)
    0x08002230   0x00000042   Code   RO         8576    .text               c_w.l(ftell.o)
    0x08002272   0x00000040   Code   RO         8602    .text               c_w.l(_wcrtomb.o)
    0x080022b2   0x0000000a   Code   RO         8604    .text               c_w.l(defsig_exit.o)
    0x080022bc   0x0000000e   Code   RO         8606    .text               c_w.l(defsig_rtred_outer.o)
    0x080022ca   0x0000000e   Code   RO         8610    .text               c_w.l(defsig_rtmem_outer.o)
    0x080022d8   0x00000030   Code   RO         8614    .text               c_w.l(defsig_pvfn_inner.o)
    0x08002308   0x00000050   Code   RO         8618    .text               c_w.l(heapauxa.o)
    0x08002358   0x0000000c   Code   RO         8659    .text               c_w.l(sys_exit.o)
    0x08002364   0x00000010   Code   RO         8661    .text               c_w.l(rt_ctype_table.o)
    0x08002374   0x00000008   Code   RO         8663    .text               c_w.l(rt_locale.o)
    0x0800237c   0x00000080   Code   RO         8675    .text               c_w.l(_printf_fp_infnan.o)
    0x080023fc   0x000000dc   Code   RO         8677    .text               c_w.l(bigflt0.o)
    0x080024d8   0x00000032   Code   RO         8711    .text               c_w.l(defsig_general.o)
    0x0800250a   0x00000002   PAD
    0x0800250c   0x00000034   Code   RO         8713    .text               c_w.l(defsig_rtred_inner.o)
    0x08002540   0x00000050   Code   RO         8715    .text               c_w.l(defsig_rtmem_inner.o)
    0x08002590   0x0000000e   Code   RO         8758    .text               c_w.l(sys_wrch.o)
    0x0800259e   0x00000002   Code   RO         8760    .text               c_w.l(use_no_semi.o)
    0x080025a0   0x00000000   Code   RO         8762    .text               c_w.l(indicate_semi.o)
    0x080025a0   0x0000003e   Code   RO         8680    CL$$btod_d2e        c_w.l(btod.o)
    0x080025de   0x00000046   Code   RO         8682    CL$$btod_d2e_denorm_low  c_w.l(btod.o)
    0x08002624   0x00000060   Code   RO         8681    CL$$btod_d2e_norm_op1  c_w.l(btod.o)
    0x08002684   0x00000338   Code   RO         8690    CL$$btod_div_common  c_w.l(btod.o)
    0x080029bc   0x000000c6   Code   RO         8687    CL$$btod_e2e        c_w.l(btod.o)
    0x08002a82   0x00000028   Code   RO         8684    CL$$btod_ediv       c_w.l(btod.o)
    0x08002aaa   0x00000028   Code   RO         8683    CL$$btod_emul       c_w.l(btod.o)
    0x08002ad2   0x00000244   Code   RO         8689    CL$$btod_mult_common  c_w.l(btod.o)
    0x08002d16   0x0000000e   Code   RO         3514    i.$Sub$$main        mbed_retarget.o
    0x08002d24   0x00000006   Code   RO         7613    i.<Func3>           mbed.ar(SerialBase.o)
    0x08002d2a   0x00000002   PAD
    0x08002d2c   0x00000040   Code   RO         1248    i.BSP_LCD_Clear     stm32746g_discovery_lcd.o
    0x08002d6c   0x0000002c   Code   RO         1250    i.BSP_LCD_ClockConfig  stm32746g_discovery_lcd.o
    0x08002d98   0x00000030   Code   RO         1251    i.BSP_LCD_DeInit    stm32746g_discovery_lcd.o
    0x08002dc8   0x00000068   Code   RO         1252    i.BSP_LCD_DisplayChar  stm32746g_discovery_lcd.o
    0x08002e30   0x00000034   Code   RO         1254    i.BSP_LCD_DisplayOn  stm32746g_discovery_lcd.o
    0x08002e64   0x00000128   Code   RO         1255    i.BSP_LCD_DisplayStringAt  stm32746g_discovery_lcd.o
    0x08002f8c   0x0000013c   Code   RO         1261    i.BSP_LCD_DrawLine  stm32746g_discovery_lcd.o
    0x080030c8   0x0000006c   Code   RO         1262    i.BSP_LCD_DrawPixel  stm32746g_discovery_lcd.o
    0x08003134   0x0000001c   Code   RO         1271    i.BSP_LCD_GetFont   stm32746g_discovery_lcd.o
    0x08003150   0x00000020   Code   RO         1273    i.BSP_LCD_GetXSize  stm32746g_discovery_lcd.o
    0x08003170   0x00000020   Code   RO         1274    i.BSP_LCD_GetYSize  stm32746g_discovery_lcd.o
    0x08003190   0x000000b0   Code   RO         1275    i.BSP_LCD_Init      stm32746g_discovery_lcd.o
    0x08003240   0x00000090   Code   RO         1276    i.BSP_LCD_LayerDefaultInit  stm32746g_discovery_lcd.o
    0x080032d0   0x00000080   Code   RO         1278    i.BSP_LCD_MspDeInit  stm32746g_discovery_lcd.o
    0x08003350   0x000001ac   Code   RO         1279    i.BSP_LCD_MspInit   stm32746g_discovery_lcd.o
    0x080034fc   0x0000000c   Code   RO         1284    i.BSP_LCD_SelectLayer  stm32746g_discovery_lcd.o
    0x08003508   0x0000001c   Code   RO         1285    i.BSP_LCD_SetBackColor  stm32746g_discovery_lcd.o
    0x08003524   0x0000001c   Code   RO         1288    i.BSP_LCD_SetFont   stm32746g_discovery_lcd.o
    0x08003540   0x00000018   Code   RO         1295    i.BSP_LCD_SetTextColor  stm32746g_discovery_lcd.o
    0x08003558   0x0000008c   Code   RO         1885    i.BSP_SDRAM_Init    stm32746g_discovery_sdram.o
    0x080035e4   0x00000098   Code   RO         1886    i.BSP_SDRAM_Initialization_sequence  stm32746g_discovery_sdram.o
    0x0800367c   0x000001c8   Code   RO         1888    i.BSP_SDRAM_MspInit  stm32746g_discovery_sdram.o
    0x08003844   0x0000000c   Code   RO         3254    i.CAN1_RX0_IRQHandler  can_api.o
    0x08003850   0x0000000c   Code   RO         3255    i.CAN1_SCE_IRQHandler  can_api.o
    0x0800385c   0x0000000c   Code   RO         3256    i.CAN1_TX_IRQHandler  can_api.o
    0x08003868   0x0000000c   Code   RO         3257    i.CAN2_RX0_IRQHandler  can_api.o
    0x08003874   0x0000000c   Code   RO         3258    i.CAN2_SCE_IRQHandler  can_api.o
    0x08003880   0x0000000c   Code   RO         3259    i.CAN2_TX_IRQHandler  can_api.o
    0x0800388c   0x000000bc   Code   RO         4332    i.DMA2D_SetConfig   stm32f7xx_hal_dma2d.o
    0x08003948   0x00000104   Code   RO         1300    i.DrawChar          stm32746g_discovery_lcd.o
    0x08003a4c   0x00000064   Code   RO         6769    i.FMC_SDRAM_Init    stm32f7xx_ll_fmc.o
    0x08003ab0   0x0000000c   Code   RO         6770    i.FMC_SDRAM_ProgramRefreshRate  stm32f7xx_ll_fmc.o
    0x08003abc   0x00000052   Code   RO         6771    i.FMC_SDRAM_SendCommand  stm32f7xx_ll_fmc.o
    0x08003b0e   0x00000090   Code   RO         6773    i.FMC_SDRAM_Timing_Init  stm32f7xx_ll_fmc.o
    0x08003b9e   0x00000002   PAD
    0x08003ba0   0x000001cc   Code   RO         3917    i.HAL_ADC_ConfigChannel  stm32f7xx_hal_adc.o
    0x08003d6c   0x00000004   Code   RO         3923    i.HAL_ADC_GetState  stm32f7xx_hal_adc.o
    0x08003d70   0x00000006   Code   RO         3924    i.HAL_ADC_GetValue  stm32f7xx_hal_adc.o
    0x08003d76   0x00000002   PAD
    0x08003d78   0x00000180   Code   RO         3926    i.HAL_ADC_Init      stm32f7xx_hal_adc.o
    0x08003ef8   0x00000002   Code   RO         3929    i.HAL_ADC_MspInit   stm32f7xx_hal_adc.o
    0x08003efa   0x00000002   PAD
    0x08003efc   0x000000bc   Code   RO         3930    i.HAL_ADC_PollForConversion  stm32f7xx_hal_adc.o
    0x08003fb8   0x00000110   Code   RO         3932    i.HAL_ADC_Start     stm32f7xx_hal_adc.o
    0x080040c8   0x000000c4   Code   RO         4344    i.HAL_DMA2D_ConfigLayer  stm32f7xx_hal_dma2d.o
    0x0800418c   0x0000005a   Code   RO         4352    i.HAL_DMA2D_Init    stm32f7xx_hal_dma2d.o
    0x080041e6   0x00000002   Code   RO         4355    i.HAL_DMA2D_MspInit  stm32f7xx_hal_dma2d.o
    0x080041e8   0x00000146   Code   RO         4356    i.HAL_DMA2D_PollForTransfer  stm32f7xx_hal_dma2d.o
    0x0800432e   0x00000038   Code   RO         4359    i.HAL_DMA2D_Start   stm32f7xx_hal_dma2d.o
    0x08004366   0x00000024   Code   RO         4302    i.HAL_DMA_Abort_IT  stm32f7xx_hal_dma.o
    0x0800438a   0x00000002   PAD
    0x0800438c   0x00000088   Code   RO         4303    i.HAL_DMA_DeInit    stm32f7xx_hal_dma.o
    0x08004414   0x0000017c   Code   RO         4307    i.HAL_DMA_Init      stm32f7xx_hal_dma.o
    0x08004590   0x00000174   Code   RO         4511    i.HAL_GPIO_DeInit   stm32f7xx_hal_gpio.o
    0x08004704   0x00000250   Code   RO         4514    i.HAL_GPIO_Init     stm32f7xx_hal_gpio.o
    0x08004954   0x0000000a   Code   RO         4518    i.HAL_GPIO_WritePin  stm32f7xx_hal_gpio.o
    0x0800495e   0x00000002   PAD
    0x08004960   0x0000000c   Code   RO         3875    i.HAL_GetTick       stm32f7xx_hal.o
    0x0800496c   0x00000010   Code   RO         3876    i.HAL_IncTick       stm32f7xx_hal.o
    0x0800497c   0x00000024   Code   RO         3877    i.HAL_Init          stm32f7xx_hal.o
    0x080049a0   0x000000cc   Code   RO         3380    i.HAL_InitTick      hal_tick_32b.o
    0x08004a6c   0x00000058   Code   RO         4988    i.HAL_LTDC_ConfigLayer  stm32f7xx_hal_ltdc.o
    0x08004ac4   0x00000018   Code   RO         4990    i.HAL_LTDC_DeInit   stm32f7xx_hal_ltdc.o
    0x08004adc   0x00000006   Code   RO         5003    i.HAL_LTDC_GetState  stm32f7xx_hal_ltdc.o
    0x08004ae2   0x00000002   PAD
    0x08004ae4   0x00000120   Code   RO         5005    i.HAL_LTDC_Init     stm32f7xx_hal_ltdc.o
    0x08004c04   0x00000002   Code   RO         5007    i.HAL_LTDC_MspDeInit  stm32f7xx_hal_ltdc.o
    0x08004c06   0x00000002   Code   RO         5008    i.HAL_LTDC_MspInit  stm32f7xx_hal_ltdc.o
    0x08004c08   0x00000002   Code   RO         3880    i.HAL_MspInit       stm32f7xx_hal.o
    0x08004c0a   0x00000018   Code   RO         4086    i.HAL_NVIC_EnableIRQ  stm32f7xx_hal_cortex.o
    0x08004c22   0x00000002   PAD
    0x08004c24   0x00000060   Code   RO         4092    i.HAL_NVIC_SetPriority  stm32f7xx_hal_cortex.o
    0x08004c84   0x00000024   Code   RO         4093    i.HAL_NVIC_SetPriorityGrouping  stm32f7xx_hal_cortex.o
    0x08004ca8   0x0000007c   Code   RO         5384    i.HAL_PWREx_EnableOverDrive  stm32f7xx_hal_pwr_ex.o
    0x08004d24   0x00000750   Code   RO         5530    i.HAL_RCCEx_PeriphCLKConfig  stm32f7xx_hal_rcc_ex.o
    0x08005474   0x0000020c   Code   RO         5495    i.HAL_RCC_ClockConfig  stm32f7xx_hal_rcc.o
    0x08005680   0x00000048   Code   RO         5499    i.HAL_RCC_GetClockConfig  stm32f7xx_hal_rcc.o
    0x080056c8   0x00000030   Code   RO         5502    i.HAL_RCC_GetPCLK1Freq  stm32f7xx_hal_rcc.o
    0x080056f8   0x00000030   Code   RO         5503    i.HAL_RCC_GetPCLK2Freq  stm32f7xx_hal_rcc.o
    0x08005728   0x00000098   Code   RO         5504    i.HAL_RCC_GetSysClockFreq  stm32f7xx_hal_rcc.o
    0x080057c0   0x00000404   Code   RO         5507    i.HAL_RCC_OscConfig  stm32f7xx_hal_rcc.o
    0x08005bc4   0x00000042   Code   RO         5870    i.HAL_SDRAM_Init    stm32f7xx_hal_sdram.o
    0x08005c06   0x00000002   Code   RO         5872    i.HAL_SDRAM_MspInit  stm32f7xx_hal_sdram.o
    0x08005c08   0x00000024   Code   RO         5873    i.HAL_SDRAM_ProgramRefreshRate  stm32f7xx_hal_sdram.o
    0x08005c2c   0x0000002e   Code   RO         5879    i.HAL_SDRAM_SendCommand  stm32f7xx_hal_sdram.o
    0x08005c5a   0x00000036   Code   RO         6335    i.HAL_TIM_OC_Init   stm32f7xx_hal_tim.o
    0x08005c90   0x00000002   Code   RO         6337    i.HAL_TIM_OC_MspInit  stm32f7xx_hal_tim.o
    0x08005c92   0x00000040   Code   RO         6338    i.HAL_TIM_OC_Start  stm32f7xx_hal_tim.o
    0x08005cd2   0x0000003a   Code   RO         3764    i.HAL_UART_ErrorCallback  serial_api.o
    0x08005d0c   0x00000290   Code   RO         6594    i.HAL_UART_IRQHandler  stm32f7xx_hal_uart.o
    0x08005f9c   0x0000006e   Code   RO         6595    i.HAL_UART_Init     stm32f7xx_hal_uart.o
    0x0800600a   0x00000002   Code   RO         6597    i.HAL_UART_MspInit  stm32f7xx_hal_uart.o
    0x0800600c   0x00000002   Code   RO         6601    i.HAL_UART_RxCpltCallback  stm32f7xx_hal_uart.o
    0x0800600e   0x00000010   Code   RO         3765    i.HAL_UART_TxCpltCallback  serial_api.o
    0x0800601e   0x00000002   PAD
    0x08006020   0x00000088   Code   RO         1303    i.LL_FillBuffer     stm32746g_discovery_lcd.o
    0x080060a8   0x000001d4   Code   RO         5024    i.LTDC_SetConfig    stm32f7xx_hal_ltdc.o
    0x0800627c   0x00000034   Code   RO         3307    i.NVIC_SetVector    cmsis_nvic.o
    0x080062b0   0x00000118   Code   RO         7044    i.SetSysClock_PLL_HSI  system_stm32f7xx.o
    0x080063c8   0x00000158   Code   RO         3316    i.Set_GPIO_Clock    gpio_api.o
    0x08006520   0x00000094   Code   RO         7045    i.SystemCoreClockUpdate  system_stm32f7xx.o
    0x080065b4   0x00000194   Code   RO         7046    i.SystemInit        system_stm32f7xx.o
    0x08006748   0x000000c8   Code   RO         6372    i.TIM_Base_SetConfig  stm32f7xx_hal_tim.o
    0x08006810   0x000000da   Code   RO         6608    i.UART_AdvFeatureConfig  stm32f7xx_hal_uart.o
    0x080068ea   0x00000044   Code   RO         6609    i.UART_CheckIdleState  stm32f7xx_hal_uart.o
    0x0800692e   0x00000014   Code   RO         6610    i.UART_DMAAbortOnError  stm32f7xx_hal_uart.o
    0x08006942   0x00000002   PAD
    0x08006944   0x000002a0   Code   RO         6616    i.UART_SetConfig    stm32f7xx_hal_uart.o
    0x08006be4   0x00000076   Code   RO         6617    i.UART_WaitOnFlagUntilTimeout  stm32f7xx_hal_uart.o
    0x08006c5a   0x0000000e   Code   RO         2850    i._ZN16LCD_DISCO_F746NG12SetBackColorEj  lcd_disco_f746ng.o
    0x08006c68   0x0000000e   Code   RO         2851    i._ZN16LCD_DISCO_F746NG12SetTextColorEj  lcd_disco_f746ng.o
    0x08006c76   0x0000001e   Code   RO         2855    i._ZN16LCD_DISCO_F746NG15DisplayStringAtEttPh20Text_AlignModeTypdef  lcd_disco_f746ng.o
    0x08006c94   0x0000000e   Code   RO         2864    i._ZN16LCD_DISCO_F746NG5ClearEj  lcd_disco_f746ng.o
    0x08006ca2   0x0000001e   Code   RO         2868    i._ZN16LCD_DISCO_F746NG8DrawLineEtttt  lcd_disco_f746ng.o
    0x08006cc0   0x00000070   Code   RO         2880    i._ZN16LCD_DISCO_F746NGC1Ev  lcd_disco_f746ng.o
    0x08006d30   0x0000000c   Code   RO         2881    i._ZN16LCD_DISCO_F746NGD1Ev  lcd_disco_f746ng.o
    0x08006d3c   0x0000000e   Code   RO         7615    i._ZN4mbed10SerialBase10_base_putcEi  mbed.ar(SerialBase.o)
    0x08006d4a   0x00000002   PAD
    0x08006d4c   0x00000030   Code   RO         7621    i._ZN4mbed10SerialBase12_irq_handlerEj9SerialIrq  mbed.ar(SerialBase.o)
    0x08006d7c   0x0000003e   Code   RO         7624    i._ZN4mbed10SerialBase24interrupt_handler_asynchEv  mbed.ar(SerialBase.o)
    0x08006dba   0x00000028   Code   RO         7625    i._ZN4mbed10SerialBase4baudEi  mbed.ar(SerialBase.o)
    0x08006de2   0x00000002   Code   RO         7626    i._ZN4mbed10SerialBase4lockEv  mbed.ar(SerialBase.o)
    0x08006de4   0x00000030   Code   RO         7632    i._ZN4mbed10SerialBase6formatEiNS0_6ParityEi  mbed.ar(SerialBase.o)
    0x08006e14   0x00000002   Code   RO         7633    i._ZN4mbed10SerialBase6unlockEv  mbed.ar(SerialBase.o)
    0x08006e16   0x00000002   PAD
    0x08006e18   0x00000188   Code   RO         7636    i._ZN4mbed10SerialBaseC1E7PinNameS1_i  mbed.ar(SerialBase.o)
    0x08006fa0   0x00000070   Code   RO         3515    i._ZN4mbed17remove_filehandleEPNS_8FileLikeE  mbed_retarget.o
    0x08007010   0x00000006   Code   RO         3516    i._ZN4mbed26mbed_set_unbuffered_streamEPSt6__FILE  mbed_retarget.o
    0x08007016   0x00000002   Code   RO         7546    i._ZN4mbed6Serial4lockEv  mbed.ar(Serial.o)
    0x08007018   0x00000002   Code   RO         7549    i._ZN4mbed6Serial6unlockEv  mbed.ar(Serial.o)
    0x0800701a   0x00000002   PAD
    0x0800701c   0x00000028   Code   RO         7550    i._ZN4mbed6SerialC1E7PinNameS1_PKci  mbed.ar(Serial.o)
    0x08007044   0x00000054   Code   RO         7581    i._ZN4mbed6SerialD1Ev  mbed.ar(Serial.o)
    0x08007098   0x00000004   Code   RO         7733    i._ZN4mbed6Stream4seekEli  mbed.ar(Stream.o)
    0x0800709c   0x00000004   Code   RO         7734    i._ZN4mbed6Stream4sizeEv  mbed.ar(Stream.o)
    0x080070a0   0x00000004   Code   RO         7737    i._ZN4mbed6Stream5closeEv  mbed.ar(Stream.o)
    0x080070a4   0x0000003c   Code   RO         7739    i._ZN4mbed6Stream5writeEPKvj  mbed.ar(Stream.o)
    0x080070e0   0x00000004   Code   RO         7740    i._ZN4mbed6Stream6isattyEv  mbed.ar(Stream.o)
    0x080070e4   0x00000032   Code   RO         7741    i._ZN4mbed6Stream6printfEPKcz  mbed.ar(Stream.o)
    0x08007116   0x00000002   PAD
    0x08007118   0x00000040   Code   RO         7745    i._ZN4mbed6StreamC2EPKc  mbed.ar(Stream.o)
    0x08007158   0x0000001c   Code   RO         7747    i._ZN4mbed6StreamD2Ev  mbed.ar(Stream.o)
    0x08007174   0x00000014   Code   RO         2182    i._ZN4mbed8AnalogIn4lockEv  main.o
    0x08007188   0x00000014   Code   RO         2176    i._ZN4mbed8AnalogIn6unlockEv  main.o
    0x0800719c   0x00000002   Code   RO         2188    i._ZN4mbed8AnalogInD1Ev  main.o
    0x0800719e   0x00000004   Code   RO         7942    i._ZN4mbed8FileBase11getPathTypeEv  mbed.ar(FileBase.o)
    0x080071a2   0x00000002   PAD
    0x080071a4   0x0000006c   Code   RO         7944    i._ZN4mbed8FileBase6lookupEPKcj  mbed.ar(FileBase.o)
    0x08007210   0x00000040   Code   RO         7946    i._ZN4mbed8FileBaseC1EPKcNS_8PathTypeE  mbed.ar(FileBase.o)
    0x08007250   0x00000054   Code   RO         7948    i._ZN4mbed8FileBaseD1Ev  mbed.ar(FileBase.o)
    0x080072a4   0x00000002   Code   RO         7803    i._ZN4mbed8FileLike4lockEv  mbed.ar(Stream.o)
    0x080072a6   0x00000002   Code   RO         7806    i._ZN4mbed8FileLike6unlockEv  mbed.ar(Stream.o)
    0x080072a8   0x00000018   Code   RO         7521    i._ZN4mbed8FilePath4fileEv  mbed.ar(FilePath.o)
    0x080072c0   0x0000000a   Code   RO         7522    i._ZN4mbed8FilePath6existsEv  mbed.ar(FilePath.o)
    0x080072ca   0x00000018   Code   RO         7523    i._ZN4mbed8FilePath6isFileEv  mbed.ar(FilePath.o)
    0x080072e2   0x00000040   Code   RO         7525    i._ZN4mbed8FilePathC1EPKc  mbed.ar(FilePath.o)
    0x08007322   0x00000002   Code   RO         7637    i._ZN4mbed9donothingEv  mbed.ar(SerialBase.o)
    0x08007324   0x00000002   Code   RO         7552    i._ZThn180_N4mbed6Serial4lockEv  mbed.ar(Serial.o)
    0x08007326   0x00000006   Code   RO         7554    i._ZThn180_N4mbed6Serial5_putcEi  mbed.ar(Serial.o)
    0x0800732c   0x00000002   Code   RO         7555    i._ZThn180_N4mbed6Serial6unlockEv  mbed.ar(Serial.o)
    0x0800732e   0x00000030   Code   RO         8748    i.__ARM_fpclassify  m_wm.l(fpclassify.o)
    0x0800735e   0x00000004   Code   RO         3523    i.__aeabi_atexit    mbed_retarget.o
    0x08007362   0x00000024   Code   RO         8290    i.__aeabi_vec_ctor_nocookie_nodtor  cpprt_w.l(aeabi_vec_ctor_nocookie_nodtor.o)
    0x08007386   0x00000006   Code   RO         8181    i.__cxa_pure_virtual  cpprt_w.l(pure_virt.o)
    0x0800738c   0x00000094   Code   RO         2146    i.__sti___8_main_cpp_lcd  main.o
    0x08007420   0x00000010   Code   RO         7036    i.__user_setup_stackheap  sys.o
    0x08007430   0x0000000e   Code   RO         8102    i._is_digit         c_w.l(__printf_wp.o)
    0x0800743e   0x00000008   Code   RO         3526    i._platform_post_stackheap_init  mbed_retarget.o
    0x08007446   0x00000002   PAD
    0x08007448   0x0000004c   Code   RO         3527    i._sys_close        mbed_retarget.o
    0x08007494   0x00000038   Code   RO         3530    i._sys_flen         mbed_retarget.o
    0x080074cc   0x00000048   Code   RO         3531    i._sys_istty        mbed_retarget.o
    0x08007514   0x00000198   Code   RO         3532    i._sys_open         mbed_retarget.o
    0x080076ac   0x0000003c   Code   RO         3534    i._sys_seek         mbed_retarget.o
    0x080076e8   0x00000084   Code   RO         3535    i._sys_write        mbed_retarget.o
    0x0800776c   0x000000f4   Code   RO         3216    i.adc_read          analogin_api.o
    0x08007860   0x00000174   Code   RO         3217    i.analogin_init     analogin_api.o
    0x080079d4   0x0000001c   Code   RO         3218    i.analogin_read     analogin_api.o
    0x080079f0   0x00000016   Code   RO         3219    i.analogin_read_u16  analogin_api.o
    0x08007a06   0x00000002   PAD
    0x08007a08   0x00000128   Code   RO         3264    i.can_irq           can_api.o
    0x08007b30   0x0000008c   Code   RO         7897    i.core_util_critical_section_enter  mbed.ar(mbed_critical.o)
    0x08007bbc   0x00000058   Code   RO         7898    i.core_util_critical_section_exit  mbed.ar(mbed_critical.o)
    0x08007c14   0x00000012   Code   RO         7922    i.error             mbed.ar(mbed_error.o)
    0x08007c26   0x00000002   PAD
    0x08007c28   0x00000020   Code   RO         3537    i.exit              mbed_retarget.o
    0x08007c48   0x0000001a   Code   RO         8129    i.fputc             c_w.l(fputc.o)
    0x08007c62   0x0000004a   Code   RO         3328    i.gpio_dir          gpio_api.o
    0x08007cac   0x00000054   Code   RO         3317    i.gpio_init         gpio_api.o
    0x08007d00   0x00000030   Code   RO         7819    i.gpio_init_out     mbed.ar(mbed_gpio.o)
    0x08007d30   0x00000008   Code   RO         3318    i.gpio_mode         gpio_api.o
    0x08007d38   0x0000008c   Code   RO         3766    i.init_uart         serial_api.o
    0x08007dc4   0x00000198   Code   RO         2147    i.main              main.o
    0x08007f5c   0x00000054   Code   RO         7876    i.mbed_assert_internal  mbed.ar(mbed_assert.o)
    0x08007fb0   0x00000012   Code   RO         3492    i.mbed_die          mbed_board.o
    0x08007fc2   0x00000002   PAD
    0x08007fc4   0x0000005c   Code   RO         3493    i.mbed_error_printf  mbed_board.o
    0x08008020   0x00000054   Code   RO         3494    i.mbed_error_vfprintf  mbed_board.o
    0x08008074   0x00000002   Code   RO         3538    i.mbed_main         mbed_retarget.o
    0x08008076   0x0000000e   Code   RO         3505    i.mbed_sdk_init     mbed_overrides.o
    0x08008084   0x000001c8   Code   RO         3667    i.pin_function      pinmap.o
    0x0800824c   0x000000f8   Code   RO         3668    i.pin_mode          pinmap.o
    0x08008344   0x00000060   Code   RO         7860    i.pinmap_function   mbed.ar(mbed_pinmap_common.o)
    0x080083a4   0x0000003c   Code   RO         7861    i.pinmap_merge      mbed.ar(mbed_pinmap_common.o)
    0x080083e0   0x00000060   Code   RO         7862    i.pinmap_peripheral  mbed.ar(mbed_pinmap_common.o)
    0x08008440   0x0000005c   Code   RO         7863    i.pinmap_pinout     mbed.ar(mbed_pinmap_common.o)
    0x0800849c   0x00000006   Code   RO         3767    i.serial_baud       serial_api.o
    0x080084a2   0x00000040   Code   RO         3771    i.serial_format     serial_api.o
    0x080084e2   0x00000002   PAD
    0x080084e4   0x00000250   Code   RO         3774    i.serial_init       serial_api.o
    0x08008734   0x00000018   Code   RO         3775    i.serial_irq_handler  serial_api.o
    0x0800874c   0x00000178   Code   RO         3776    i.serial_irq_handler_asynch  serial_api.o
    0x080088c4   0x00000024   Code   RO         3779    i.serial_putc       serial_api.o
    0x080088e8   0x00000050   Code   RO         7979    i.ticker_irq_handler  mbed.ar(mbed_ticker_api.o)
    0x08008938   0x00000064   Code   RO         3383    i.timer_irq_handler  hal_tick_32b.o
    0x0800899c   0x00000018   Code   RO         7079    i.us_ticker_clear_interrupt  us_ticker_32b.o
    0x080089b4   0x00000018   Code   RO         7080    i.us_ticker_disable_interrupt  us_ticker_32b.o
    0x080089cc   0x00000028   Code   RO         7081    i.us_ticker_init    us_ticker_32b.o
    0x080089f4   0x0000000c   Code   RO         7846    i.us_ticker_irq_handler  mbed.ar(mbed_us_ticker_api.o)
    0x08008a00   0x00000030   Code   RO         7082    i.us_ticker_read    us_ticker_32b.o
    0x08008a30   0x0000001c   Code   RO         7083    i.us_ticker_set_interrupt  us_ticker_32b.o
    0x08008a4c   0x00000028   Code   RO         7930    i.wait              mbed.ar(mbed_wait_api_no_rtos.o)
    0x08008a74   0x0000001c   Code   RO         7931    i.wait_ms           mbed.ar(mbed_wait_api_no_rtos.o)
    0x08008a90   0x0000002c   Code   RO         8705    locale$$code        c_w.l(lc_numeric_c.o)
    0x08008abc   0x0000002c   Code   RO         8774    locale$$code        c_w.l(lc_ctype_c.o)
    0x08008ae8   0x0000002c   Code   RO         7969    t._ZN12SingletonPtrI13PlatformMutexEptEv  mbed.ar(FileBase.o)
    0x08008b14   0x00000004   Code   RO         7716    t._ZN4mbed8CallbackIFvvEE13function_callIPS1_EEvPKv  mbed.ar(SerialBase.o)
    0x08008b18   0x00000002   Code   RO         7722    t._ZN4mbed8CallbackIFvvEE13function_dtorIPS1_EEvPv  mbed.ar(SerialBase.o)
    0x08008b1a   0x0000000a   Code   RO         7719    t._ZN4mbed8CallbackIFvvEE13function_moveIPS1_EEvPvPKv  mbed.ar(SerialBase.o)
    0x08008b24   0x00000012   Code   RO         7599    t._ZN4mbed8CallbackIFvvEED1Ev  mbed.ar(Serial.o)
    0x08008b36   0x00000036   Code   RO         7707    t._ZN6CThunkIN4mbed10SerialBaseEE10trampolineEPS1_PvPMS1_FvS4_E  mbed.ar(SerialBase.o)
    0x08008b6c   0x00000154   Code   RO         8306    x$fpl$dmul          fz_wm.l(dmul.o)
    0x08008cc0   0x0000009c   Code   RO         8507    x$fpl$dnaninf       fz_wm.l(dnaninf.o)
    0x08008d5c   0x0000000c   Code   RO         8509    x$fpl$dretinf       fz_wm.l(dretinf.o)
    0x08008d68   0x00000056   Code   RO         8308    x$fpl$f2d           fz_wm.l(f2d.o)
    0x08008dbe   0x0000008c   Code   RO         8511    x$fpl$fnaninf       fz_wm.l(fnaninf.o)
    0x08008e4a   0x0000000a   Code   RO         8657    x$fpl$fpinit        fz_wm.l(fpinit.o)
    0x08008e54   0x00000004   Code   RO         8513    x$fpl$printf1       fz_wm.l(printf1.o)
    0x08008e58   0x00000004   Code   RO         8515    x$fpl$printf2       fz_wm.l(printf2.o)
    0x08008e5c   0x00000000   Code   RO         8523    x$fpl$usenofp       fz_wm.l(usenofp.o)
    0x08008e5c   0x00001ab8   Data   RO           51    .constdata          font24.o
    0x0800a914   0x00000017   Data   RO         3589    .constdata          mbed_retarget.o
    0x0800a92b   0x00000001   PAD
    0x0800a92c   0x00000078   Data   RO         3646    .constdata          PeripheralPins.o
    0x0800a9a4   0x0000003c   Data   RO         3651    .constdata          PeripheralPins.o
    0x0800a9e0   0x00000030   Data   RO         3652    .constdata          PeripheralPins.o
    0x0800aa10   0x00000040   Data   RO         3669    .constdata          pinmap.o
    0x0800aa50   0x00000008   Data   RO         4313    .constdata          stm32f7xx_hal_dma.o
    0x0800aa58   0x00000010   Data   RO         7047    .constdata          system_stm32f7xx.o
    0x0800aa68   0x00000008   Data   RO         7048    .constdata          system_stm32f7xx.o
    0x0800aa70   0x00000010   Data   RO         7663    .constdata          mbed.ar(SerialBase.o)
    0x0800aa80   0x00000014   Data   RO         7847    .constdata          mbed.ar(mbed_us_ticker_api.o)
    0x0800aa94   0x00000008   Data   RO         7848    .constdata          mbed.ar(mbed_us_ticker_api.o)
    0x0800aa9c   0x00000028   Data   RO         8090    .constdata          c_w.l(_printf_hex_int_ll_ptr.o)
    0x0800aac4   0x00000011   Data   RO         8110    .constdata          c_w.l(__printf_flags_ss_wp.o)
    0x0800aad5   0x00000003   PAD
    0x0800aad8   0x00000008   Data   RO         8360    .constdata          c_w.l(_printf_wctomb.o)
    0x0800aae0   0x00000026   Data   RO         8556    .constdata          c_w.l(_printf_fp_hex.o)
    0x0800ab06   0x00000002   PAD
    0x0800ab08   0x00000094   Data   RO         8678    .constdata          c_w.l(bigflt0.o)
    0x0800ab9c   0x00000018   Data   RO         7699    .constdata__ZTVN4mbed10SerialBaseE  mbed.ar(SerialBase.o)
    0x0800abb4   0x00000070   Data   RO         7580    .constdata__ZTVN4mbed6SerialE  mbed.ar(Serial.o)
    0x0800ac24   0x00000050   Data   RO         7802    .constdata__ZTVN4mbed6StreamE  mbed.ar(Stream.o)
    0x0800ac74   0x00000018   Data   RO         2222    .constdata__ZTVN4mbed8AnalogInE  main.o
    0x0800ac8c   0x00000010   Data   RO         7968    .constdata__ZTVN4mbed8FileBaseE  mbed.ar(FileBase.o)
    0x0800ac9c   0x00000014   Data   RO         3641    .constdata__ZZN12SingletonPtrI13PlatformMutexE3getEvEs  mbed_retarget.o
    0x0800acb0   0x0000004d   Data   RO         3642    .constdata__ZZN12SingletonPtrI13PlatformMutexE3getEvEs_0  mbed_retarget.o
    0x0800acfd   0x00000003   PAD
    0x0800ad00   0x0000000c   Data   RO         7714    .constdata__ZZN4mbed8CallbackIFvvEE8generateIPS1_EEvRKT_E3ops  mbed.ar(SerialBase.o)
    0x0800ad0c   0x00000005   Data   RO         7702    .constdata__ZZNK4mbed8CallbackIFvvEE4callEvEs  mbed.ar(SerialBase.o)
    0x0800ad11   0x00000049   Data   RO         7703    .constdata__ZZNK4mbed8CallbackIFvvEE4callEvEs_0  mbed.ar(SerialBase.o)
    0x0800ad5a   0x00000002   PAD
    0x0800ad5c   0x0000005b   Data   RO         3221    .conststring        analogin_api.o
    0x0800adb7   0x00000001   PAD
    0x0800adb8   0x00000046   Data   RO         3670    .conststring        pinmap.o
    0x0800adfe   0x00000002   PAD
    0x0800ae00   0x00000059   Data   RO         3798    .conststring        serial_api.o
    0x0800ae59   0x00000003   PAD
    0x0800ae5c   0x00000043   Data   RO         7899    .conststring        mbed.ar(mbed_critical.o)
    0x0800ae9f   0x00000001   PAD
    0x0800aea0   0x00000020   Data   RO         8865    Region$$Table       anon$$obj.o
    0x0800aec0   0x0000001c   Data   RO         8704    locale$$data        c_w.l(lc_numeric_c.o)
    0x0800aedc   0x00000110   Data   RO         8773    locale$$data        c_w.l(lc_ctype_c.o)
    0x0800afec   0x00000004   Data   RO         2152    .init_array         main.o
    0x0800aff0   0x00000000   Data   RO         8176    .init_array         c_w.l(init_aeabi.o)


    Execution Region RW_IRAM1 (Base: 0x200001c8, Size: 0x00000a18, Max: 0x0004fe38, ABSOLUTE)

    Base Addr    Size         Type   Attr      Idx    E Section Name        Object

    0x200001c8   0x00000008   Data   RW           52    .data               font24.o
    0x200001d0   0x00000004   Data   RW         1305    .data               stm32746g_discovery_lcd.o
    0x200001d4   0x00000002   Data   RW         1895    .data               stm32746g_discovery_sdram.o
    0x200001d6   0x00000001   Data   RW         2151    .data               main.o
    0x200001d7   0x00000001   PAD
    0x200001d8   0x0000000c   Data   RW         3222    .data               analogin_api.o
    0x200001e4   0x0000000c   Data   RW         3278    .data               can_api.o
    0x200001f0   0x00000004   Data   RW         3384    .data               hal_tick_32b.o
    0x200001f4   0x00000008   Data   RW         3592    .data               mbed_retarget.o
    0x200001fc   0x00000008   Data   RW         3799    .data               serial_api.o
    0x20000204   0x00000004   Data   RW         3883    .data               stm32f7xx_hal.o
    0x20000208   0x00000004   Data   RW         7049    .data               system_stm32f7xx.o
    0x2000020c   0x00000004   Data   RW         7085    .data               us_ticker_32b.o
    0x20000210   0x00000008   Data   RW         7512    .data               mbed.ar(AnalogIn.o)
    0x20000218   0x00000008   Data   RW         7849    .data               mbed.ar(mbed_us_ticker_api.o)
    0x20000220   0x00000008   Data   RW         7900    .data               mbed.ar(mbed_critical.o)
    0x20000228   0x0000000c   Data   RW         7956    .data               mbed.ar(FileBase.o)
    0x20000234   0x00000004   Data   RW         8141    .data               c_w.l(stdio_streams.o)
    0x20000238   0x00000004   Data   RW         8142    .data               c_w.l(stdio_streams.o)
    0x2000023c   0x00000004   Data   RW         8143    .data               c_w.l(stdio_streams.o)
    0x20000240   0x00000004   Data   RW         8619    .data               c_w.l(heapauxa.o)
    0x20000244   0x00000184   Zero   RW         1304    .bss                stm32746g_discovery_lcd.o
    0x200003c8   0x00000120   Zero   RW         1894    .bss                stm32746g_discovery_sdram.o
    0x200004e8   0x000000f4   Zero   RW         2150    .bss                main.o
    0x200005dc   0x00000048   Zero   RW         3220    .bss                analogin_api.o
    0x20000624   0x00000040   Zero   RW         3275    .bss                can_api.o
    0x20000664   0x00000040   Zero   RW         3588    .bss                mbed_retarget.o
    0x200006a4   0x000003e4   Zero   RW         3797    .bss                serial_api.o
    0x20000a88   0x00000040   Zero   RW         7084    .bss                us_ticker_32b.o
    0x20000ac8   0x00000004   Zero   RW         7995    .bss                c_w.l(rt_errno_addr.o)
    0x20000acc   0x00000054   Zero   RW         8138    .bss                c_w.l(stdio_streams.o)
    0x20000b20   0x00000054   Zero   RW         8139    .bss                c_w.l(stdio_streams.o)
    0x20000b74   0x00000054   Zero   RW         8140    .bss                c_w.l(stdio_streams.o)
    0x20000bc8   0x00000004   Zero   RW         8317    .bss                c_w.l(rt_heap_descriptor.o)
    0x20000bcc   0x00000014   Zero   RW         8664    .bss                c_w.l(rt_locale.o)


==============================================================================

Image component sizes


      Code (inc. data)   RO Data    RW Data    ZI Data      Debug   Object Name

         0          0        228          0          0          0   PeripheralPins.o
       666        174         91         12         72        528   analogin_api.o
       368         44          0         12         64        844   can_api.o
        52          4          0          0          0        132   cmsis_nvic.o
         0          0          0          0          0       4500   font12.o
         0          0       6840          8          0       1443   font24.o
       510        102          0          0          0        504   gpio_api.o
       304         42          0          4          0        260   hal_tick_32b.o
       226         10          0          0          0       7960   lcd_disco_f746ng.o
       598        170         28          1        244     709162   main.o
       194         18          0          0          0        400   mbed_board.o
        14          0          0          0          0        128   mbed_overrides.o
       982        100        120          8         64       1680   mbed_retarget.o
       704         60        134          0          0        268   pinmap.o
      1312        114         89          8        996       1128   serial_api.o
        36          8        456          0          0        276   startup_stm32f746xg.o
         0          0          0          0          0     756976   stm32746g_discovery.o
      2488        244          0          4        388      21327   stm32746g_discovery_lcd.o
       748         66          0          2        288       5080   stm32746g_discovery_sdram.o
        66         16          0          4          0        472   stm32f7xx_hal.o
      1316         38          0          0          0        896   stm32f7xx_hal_adc.o
       156         10          0          0          0        360   stm32f7xx_hal_cortex.o
       552         22          8          0          0        368   stm32f7xx_hal_dma.o
       858          8          0          0          0        784   stm32f7xx_hal_dma2d.o
       974         30          0          0          0        396   stm32f7xx_hal_gpio.o
       878          6          0          0          0        880   stm32f7xx_hal_ltdc.o
       124          8          0          0          0        128   stm32f7xx_hal_pwr_ex.o
      1872        116          0          0          0        780   stm32f7xx_hal_rcc.o
      1872         44          0          0          0        140   stm32f7xx_hal_rcc_ex.o
       150          0          0          0          0        496   stm32f7xx_hal_sdram.o
       320         20          0          0          0        492   stm32f7xx_hal_tim.o
      1866         42          0          0          0       1132   stm32f7xx_hal_uart.o
       338          0          0          0          0        524   stm32f7xx_ll_fmc.o
        16          6          0          0          0        116   sys.o
       832        102         24          4          0        424   system_stm32f7xx.o
       164         60          0          4         64        588   us_ticker_32b.o

    ----------------------------------------------------------------------
     21582       1684       8060         72       2180    1521572   Object Totals
         0          0         32          0          0          0   (incl. Generated)
        26          0         10          1          0          0   (incl. Padding)

    ----------------------------------------------------------------------

      Code (inc. data)   RO Data    RW Data    ZI Data      Debug   Library Member Name

        60          8          0          0          0         84   __0sscanf.o
        44          6          0          0          0         84   __2sprintf.o
         8          0          0          0          0         68   __main.o
       392          4         17          0          0         92   __printf_flags_ss_wp.o
        14          0          0          0          0         68   __printf_wp.o
         0          0          0          0          0          0   __rtentry.o
        20          0          0          0          0          0   __rtentry2.o
         6          0          0          0          0          0   __rtentry4.o
        52          8          0          0          0          0   __scatter.o
        26          0          0          0          0          0   __scatter_copy.o
        28          0          0          0          0          0   __scatter_zi.o
        28          0          0          0          0         68   _chval.o
         6          0          0          0          0          0   _printf_a.o
         6          0          0          0          0          0   _printf_c.o
        44          0          0          0          0        108   _printf_char.o
        48          6          0          0          0         96   _printf_char_common.o
        36          4          0          0          0         80   _printf_char_file.o
        40          0          0          0          0         68   _printf_charcount.o
         6          0          0          0          0          0   _printf_d.o
       120         16          0          0          0         92   _printf_dec.o
         6          0          0          0          0          0   _printf_e.o
         6          0          0          0          0          0   _printf_f.o
      1050          0          0          0          0        216   _printf_fp_dec.o
       764         10         38          0          0        100   _printf_fp_hex.o
       128         16          0          0          0         84   _printf_fp_infnan.o
         6          0          0          0          0          0   _printf_g.o
       148          4         40          0          0        160   _printf_hex_int_ll_ptr.o
         6          0          0          0          0          0   _printf_i.o
       178          0          0          0          0         88   _printf_intcommon.o
        10          0          0          0          0          0   _printf_l.o
         6          0          0          0          0          0   _printf_lc.o
        10          0          0          0          0          0   _printf_ll.o
         6          0          0          0          0          0   _printf_lld.o
         6          0          0          0          0          0   _printf_lli.o
         6          0          0          0          0          0   _printf_llo.o
         6          0          0          0          0          0   _printf_llu.o
         6          0          0          0          0          0   _printf_llx.o
       124         16          0          0          0         92   _printf_longlong_dec.o
         6          0          0          0          0          0   _printf_ls.o
         6          0          0          0          0          0   _printf_n.o
         6          0          0          0          0          0   _printf_o.o
       112          8          0          0          0        124   _printf_oct_int_ll.o
         6          0          0          0          0          0   _printf_p.o
        78          0          0          0          0        108   _printf_pad.o
         0          0          0          0          0          0   _printf_percent.o
         4          0          0          0          0          0   _printf_percent_end.o
         6          0          0          0          0          0   _printf_s.o
        82          0          0          0          0         80   _printf_str.o
        36          0          0          0          0         84   _printf_truncate.o
         6          0          0          0          0          0   _printf_u.o
        44          0          0          0          0        108   _printf_wchar.o
       188          6          8          0          0         92   _printf_wctomb.o
         6          0          0          0          0          0   _printf_x.o
       884          6          0          0          0        100   _scanf.o
       332          0          0          0          0         96   _scanf_int.o
        64          0          0          0          0         84   _sgetc.o
        10          0          0          0          0         68   _sputc.o
        64          0          0          0          0         92   _wcrtomb.o
       220          4        148          0          0         96   bigflt0.o
      1910        128          0          0          0        672   btod.o
        10          0          0          0          0         68   c89vfprintf.o
        10          0          0          0          0         68   defsig_exit.o
        50          0          0          0          0         88   defsig_general.o
        48         34          0          0          0         76   defsig_pvfn_inner.o
        14          0          0          0          0         80   defsig_pvfn_outer.o
        80         58          0          0          0         76   defsig_rtmem_inner.o
        14          0          0          0          0         80   defsig_rtmem_outer.o
        52         38          0          0          0         76   defsig_rtred_inner.o
        14          0          0          0          0         80   defsig_rtred_outer.o
        76          0          0          0          0         88   fclose.o
         8          0          0          0          0         68   ferror.o
       100          4          0          0          0        120   fflush.o
       470          0          0          0          0         88   flsbuf.o
       236          4          0          0          0        128   fopen.o
        26          0          0          0          0         68   fputc.o
       248          6          0          0          0         84   fseek.o
        66          0          0          0          0         76   ftell.o
        94          0          0          0          0         80   h1_alloc.o
        52          0          0          0          0         68   h1_extend.o
        78          0          0          0          0         80   h1_free.o
        14          0          0          0          0         84   h1_init.o
        80          6          0          4          0         96   heapauxa.o
         4          0          0          0          0        136   hguard.o
         0          0          0          0          0          0   indicate_semi.o
        36         10          0          0          0         80   init_aeabi.o
       138          0          0          0          0        168   init_alloc.o
       312         46          0          0          0        112   initio.o
        18          0          0          0          0         76   isspace.o
        44         10        272          0          0         76   lc_ctype_c.o
        44         10         28          0          0         76   lc_numeric_c.o
         2          0          0          0          0          0   libinit.o
        50          0          0          0          0          0   libinit2.o
         0          0          0          0          0          0   libshutdown2.o
       138          0          0          0          0         80   lludiv10.o
         0          0          0          0          0          0   maybetermalloc1.o
        16          4          0          0          0         76   rt_ctype_table.o
         8          4          0          0          4         68   rt_errno_addr.o
         8          4          0          0          4         68   rt_heap_descriptor.o
         8          4          0          0         20         68   rt_locale.o
        78          0          0          0          0         80   rt_memclr_w.o
       100          0          0          0          0         80   rt_memcpy_w.o
        44          8          0          0          0         84   scanf_char.o
        20          0          0          0          0         68   setbuf.o
        70          0          0          0          0         80   setvbuf.o
       240          6          0          0          0        156   stdio.o
         0          0          0         12        252          0   stdio_streams.o
       104          0          0          0          0         68   strcmpv7m_pel.o
        62          0          0          0          0         76   strlen.o
       150          0          0          0          0         80   strncmp.o
        12          4          0          0          0         68   sys_exit.o
        14          0          0          0          0         76   sys_wrch.o
         2          0          0          0          0         68   use_no_semi.o
        36          4          0          0          0         76   vsprintf.o
        36          0          0          0          0         84   aeabi_vec_ctor_nocookie_nodtor.o
        34          0          0          0          0         84   aeabi_vec_dtor_noexceptions.o
         6          0          0          0          0         68   pure_virt.o
       340         12          0          0          0        152   dmul.o
       156          4          0          0          0        140   dnaninf.o
        12          0          0          0          0        116   dretinf.o
        86          4          0          0          0        132   f2d.o
       140          4          0          0          0        132   fnaninf.o
        10          0          0          0          0        116   fpinit.o
         4          0          0          0          0        116   printf1.o
         4          0          0          0          0        116   printf2.o
         0          0          0          0          0          0   usenofp.o
        48          0          0          0          0        124   fpclassify.o
         0          0          0          8          0          0   AnalogIn.o
       304         52         16         12          0        620   FileBase.o
       122          0          0          0          0        488   FilePath.o
       156         18        112          0          0        952   Serial.o
       686         54        130          0          0       1764   SerialBase.o
       222         18         80          0          0       1224   Stream.o
        84         52          0          0          0        136   mbed_assert.o
       228         98         67          8          0        252   mbed_critical.o
        18          0          0          0          0        128   mbed_error.o
        48          0          0          0          0        136   mbed_gpio.o
       344        110          0          0          0        508   mbed_pinmap_common.o
        80          0          0          0          0        136   mbed_ticker_api.o
        12          6         28          8          0        116   mbed_us_ticker_api.o
        68          4          0          0          0        256   mbed_wait_api_no_rtos.o

    ----------------------------------------------------------------------
     14406        950        992         52        280      15512   Library Totals
        34          0          8          0          0          0   (incl. Padding)

    ----------------------------------------------------------------------

      Code (inc. data)   RO Data    RW Data    ZI Data      Debug   Library Name

     11124        514        551         16        280       7416   c_w.l
        76          0          0          0          0        236   cpprt_w.l
       752         24          0          0          0       1020   fz_wm.l
        48          0          0          0          0        124   m_wm.l
      2372        412        433         36          0       6716   mbed.ar

    ----------------------------------------------------------------------
     14406        950        992         52        280      15512   Library Totals

    ----------------------------------------------------------------------

==============================================================================


      Code (inc. data)   RO Data    RW Data    ZI Data      Debug   

     35988       2634       9052        124       2460    1512016   Grand Totals
     35988       2634       9052        124       2460    1512016   ELF Image Totals
     35988       2634       9052        124          0          0   ROM Totals

==============================================================================

    Total RO  Size (Code + RO Data)                45040 (  43.98kB)
    Total RW  Size (RW Data + ZI Data)              2584 (   2.52kB)
    Total ROM Size (Code + RO Data + RW Data)      45164 (  44.11kB)

==============================================================================

