<html>
<body>
<pre>
<h1>µVision Build Log</h1>
<h2>Tool Versions:</h2>
IDE-Version: µVision V5.17.0.0
Copyright (C) 2015 ARM Ltd and ARM Germany GmbH. All rights reserved.
License Information: Tun C, kmitl, LIC=V852Z-JHIAV-MQG0F-6CJX4-R27WD-SLLKX
 
Tool Versions:
Toolchain:       MDK-ARM Professional  Version: 5.17
Toolchain Path:  C:\Keil_v5\ARM\ARMCC\Bin
C Compiler:      Armcc.exe V5.06 update 1 (build 61)
Assembler:       Armasm.exe V5.06 update 1 (build 61)
Linker/Locator:  ArmLink.exe V5.06 update 1 (build 61)
Library Manager: ArmAr.exe V5.06 update 1 (build 61)
Hex Converter:   FromElf.exe V5.06 update 1 (build 61)
CPU DLL:         
Dialog DLL:      DCM.DLL V1.13.4.0
Target DLL:      STLink\ST-LINKIII-KEIL_SWO.dll V2.0.18.0
Dialog DLL:      TCM.DLL V1.14.6.0
 
<h2>Project:</h2>
C:\Users\touch\Desktop\HW\Microprocessor\Assignment\New folder\DISCO-F746NG_TicTacToe\DISCO-F746NG_TicTacToe.uvprojx
Project File Date:  04/22/2017

<h2>Output:</h2>
*** Using Compiler 'V5.06 update 1 (build 61)', folder: 'C:\Keil_v5\ARM\ARMCC\Bin'
Build target 'DISCO-F746NG_TicTacToe'
compiling main.cpp...
main.cpp(61): warning:  #1035-D: single-precision operand implicitly converted to double-precision
          if (AX > 0.9)
main.cpp(65): warning:  #1035-D: single-precision operand implicitly converted to double-precision
          else if (AY > 0.9)
main.cpp(69): warning:  #1035-D: single-precision operand implicitly converted to double-precision
          else if (AX < 0.1)
main.cpp(73): warning:  #1035-D: single-precision operand implicitly converted to double-precision
          else if (AY < 0.1)
main.cpp(77): warning:  #1035-D: single-precision operand implicitly converted to double-precision
          else if (AK < 0.2)
main.cpp(206): warning:  #940-D: missing return statement at end of non-void function "game_over"
  }
main.cpp: 6 warnings, 0 errors
linking...
Program Size: Code=37448 RO-data=9052 RW-data=124 ZI-data=2456  
".\BUILD\DISCO-F746NG_TicTacToe.axf" - 0 Error(s), 6 Warning(s).

<h2>Collection of Component include folders:</h2>
  C:\Users\touch\Desktop\HW\Microprocessor\Assignment\New folder\DISCO-F746NG_TicTacToe\RTE
  C:\Keil_v5\ARM\PACK\Keil\STM32F7xx_DFP\2.8.0\Drivers\CMSIS\Device\ST\STM32F7xx\Include

<h2>Collection of Component Files used:</h2>
Build Time Elapsed:  00:00:09
</pre>
</body>
</html>
